Archive member included to satisfy reference by file (symbol)

c:/st/stm32cubeide_1.11.0/stm32cubeide/plugins/com.st.stm32cube.ide.mcu.externaltools.gnu-tools-for-stm32.10.3-2021.10.win32_1.0.100.202210260954/tools/bin/../lib/gcc/arm-none-eabi/10.3.1/../../../../arm-none-eabi/lib/thumb/v7e-m+dp/hard\libc_nano.a(lib_a-atoi.o)
                              ./Middlewares/Third_Party/LwIP/src/core/netif.o (atoi)
c:/st/stm32cubeide_1.11.0/stm32cubeide/plugins/com.st.stm32cube.ide.mcu.externaltools.gnu-tools-for-stm32.10.3-2021.10.win32_1.0.100.202210260954/tools/bin/../lib/gcc/arm-none-eabi/10.3.1/../../../../arm-none-eabi/lib/thumb/v7e-m+dp/hard\libc_nano.a(lib_a-ctype_.o)
                              ./Middlewares/Third_Party/LwIP/src/core/ipv4/ip4_addr.o (_ctype_)
c:/st/stm32cubeide_1.11.0/stm32cubeide/plugins/com.st.stm32cube.ide.mcu.externaltools.gnu-tools-for-stm32.10.3-2021.10.win32_1.0.100.202210260954/tools/bin/../lib/gcc/arm-none-eabi/10.3.1/../../../../arm-none-eabi/lib/thumb/v7e-m+dp/hard\libc_nano.a(lib_a-exit.o)
                              c:/st/stm32cubeide_1.11.0/stm32cubeide/plugins/com.st.stm32cube.ide.mcu.externaltools.gnu-tools-for-stm32.10.3-2021.10.win32_1.0.100.202210260954/tools/bin/../lib/gcc/arm-none-eabi/10.3.1/../../../../arm-none-eabi/lib/thumb/v7e-m+dp/hard/crt0.o (exit)
c:/st/stm32cubeide_1.11.0/stm32cubeide/plugins/com.st.stm32cube.ide.mcu.externaltools.gnu-tools-for-stm32.10.3-2021.10.win32_1.0.100.202210260954/tools/bin/../lib/gcc/arm-none-eabi/10.3.1/../../../../arm-none-eabi/lib/thumb/v7e-m+dp/hard\libc_nano.a(lib_a-findfp.o)
                              ./Middlewares/Third_Party/FreeRTOS/Source/tasks.o (__sf_fake_stderr)
c:/st/stm32cubeide_1.11.0/stm32cubeide/plugins/com.st.stm32cube.ide.mcu.externaltools.gnu-tools-for-stm32.10.3-2021.10.win32_1.0.100.202210260954/tools/bin/../lib/gcc/arm-none-eabi/10.3.1/../../../../arm-none-eabi/lib/thumb/v7e-m+dp/hard\libc_nano.a(lib_a-fwalk.o)
                              c:/st/stm32cubeide_1.11.0/stm32cubeide/plugins/com.st.stm32cube.ide.mcu.externaltools.gnu-tools-for-stm32.10.3-2021.10.win32_1.0.100.202210260954/tools/bin/../lib/gcc/arm-none-eabi/10.3.1/../../../../arm-none-eabi/lib/thumb/v7e-m+dp/hard\libc_nano.a(lib_a-findfp.o) (_fwalk)
c:/st/stm32cubeide_1.11.0/stm32cubeide/plugins/com.st.stm32cube.ide.mcu.externaltools.gnu-tools-for-stm32.10.3-2021.10.win32_1.0.100.202210260954/tools/bin/../lib/gcc/arm-none-eabi/10.3.1/../../../../arm-none-eabi/lib/thumb/v7e-m+dp/hard\libc_nano.a(lib_a-impure.o)
                              c:/st/stm32cubeide_1.11.0/stm32cubeide/plugins/com.st.stm32cube.ide.mcu.externaltools.gnu-tools-for-stm32.10.3-2021.10.win32_1.0.100.202210260954/tools/bin/../lib/gcc/arm-none-eabi/10.3.1/../../../../arm-none-eabi/lib/thumb/v7e-m+dp/hard\libc_nano.a(lib_a-exit.o) (_global_impure_ptr)
c:/st/stm32cubeide_1.11.0/stm32cubeide/plugins/com.st.stm32cube.ide.mcu.externaltools.gnu-tools-for-stm32.10.3-2021.10.win32_1.0.100.202210260954/tools/bin/../lib/gcc/arm-none-eabi/10.3.1/../../../../arm-none-eabi/lib/thumb/v7e-m+dp/hard\libc_nano.a(lib_a-init.o)
                              c:/st/stm32cubeide_1.11.0/stm32cubeide/plugins/com.st.stm32cube.ide.mcu.externaltools.gnu-tools-for-stm32.10.3-2021.10.win32_1.0.100.202210260954/tools/bin/../lib/gcc/arm-none-eabi/10.3.1/../../../../arm-none-eabi/lib/thumb/v7e-m+dp/hard/crt0.o (__libc_init_array)
c:/st/stm32cubeide_1.11.0/stm32cubeide/plugins/com.st.stm32cube.ide.mcu.externaltools.gnu-tools-for-stm32.10.3-2021.10.win32_1.0.100.202210260954/tools/bin/../lib/gcc/arm-none-eabi/10.3.1/../../../../arm-none-eabi/lib/thumb/v7e-m+dp/hard\libc_nano.a(lib_a-lock.o)
                              c:/st/stm32cubeide_1.11.0/stm32cubeide/plugins/com.st.stm32cube.ide.mcu.externaltools.gnu-tools-for-stm32.10.3-2021.10.win32_1.0.100.202210260954/tools/bin/../lib/gcc/arm-none-eabi/10.3.1/../../../../arm-none-eabi/lib/thumb/v7e-m+dp/hard\libc_nano.a(lib_a-findfp.o) (__retarget_lock_init_recursive)
c:/st/stm32cubeide_1.11.0/stm32cubeide/plugins/com.st.stm32cube.ide.mcu.externaltools.gnu-tools-for-stm32.10.3-2021.10.win32_1.0.100.202210260954/tools/bin/../lib/gcc/arm-none-eabi/10.3.1/../../../../arm-none-eabi/lib/thumb/v7e-m+dp/hard\libc_nano.a(lib_a-memcmp.o)
                              ./Middlewares/Third_Party/LwIP/src/netif/bridgeif_fdb.o (memcmp)
c:/st/stm32cubeide_1.11.0/stm32cubeide/plugins/com.st.stm32cube.ide.mcu.externaltools.gnu-tools-for-stm32.10.3-2021.10.win32_1.0.100.202210260954/tools/bin/../lib/gcc/arm-none-eabi/10.3.1/../../../../arm-none-eabi/lib/thumb/v7e-m+dp/hard\libc_nano.a(lib_a-memcpy-stub.o)
                              ./Application/Tasks/dina_cx_task.o (memcpy)
c:/st/stm32cubeide_1.11.0/stm32cubeide/plugins/com.st.stm32cube.ide.mcu.externaltools.gnu-tools-for-stm32.10.3-2021.10.win32_1.0.100.202210260954/tools/bin/../lib/gcc/arm-none-eabi/10.3.1/../../../../arm-none-eabi/lib/thumb/v7e-m+dp/hard\libc_nano.a(lib_a-memmove.o)
[...]
Memory Configuration

Name             Origin             Length             Attributes
FLASH            0x0000000008000000 0x0000000000200000 xr
DTCMRAM          0x0000000020000000 0x0000000000020000 xrw
RAM_D1           0x0000000024000000 0x0000000000080000 xrw
RAM_D2           0x0000000030000000 0x0000000000048000 xrw
RAM_D3           0x0000000038000000 0x0000000000010000 xrw
ITCMRAM          0x0000000000000000 0x0000000000010000 xrw
*default*        0x0000000000000000 0xffffffffffffffff

Linker script and memory map

LOAD c:/st/stm32cubeide_1.11.0/stm32cubeide/plugins/com.st.stm32cube.ide.mcu.externaltools.gnu-tools-for-stm32.10.3-2021.10.win32_1.0.100.202210260954/tools/bin/../lib/gcc/arm-none-eabi/10.3.1/thumb/v7e-m+dp/hard/crti.o
LOAD c:/st/stm32cubeide_1.11.0/stm32cubeide/plugins/com.st.stm32cube.ide.mcu.externaltools.gnu-tools-for-stm32.10.3-2021.10.win32_1.0.100.202210260954/tools/bin/../lib/gcc/arm-none-eabi/10.3.1/thumb/v7e-m+dp/hard/crtbegin.o
LOAD c:/st/stm32cubeide_1.11.0/stm32cubeide/plugins/com.st.stm32cube.ide.mcu.externaltools.gnu-tools-for-stm32.10.3-2021.10.win32_1.0.100.202210260954/tools/bin/../lib/gcc/arm-none-eabi/10.3.1/../../../../arm-none-eabi/lib/thumb/v7e-m+dp/hard/crt0.o
LOAD ./Application/Modules/FDCAN1/can1.o
LOAD ./Application/Modules/FDCAN2/can2.o
LOAD ./Application/Modules/PARAM/param.o
LOAD ./Application/Tasks/can1_task.o
LOAD ./Application/Tasks/can2_task.o
LOAD ./Application/Tasks/dina_cx_task.o
LOAD ./Core/Src/freertos.o
LOAD ./Core/Src/main.o
LOAD ./Core/Src/stm32h7xx_hal_msp.o
LOAD ./Core/Src/stm32h7xx_hal_timebase_tim.o
LOAD ./Core/Src/stm32h7xx_it.o
LOAD ./Core/Src/syscalls.o
LOAD ./Core/Src/sysmem.o
LOAD ./Core/Src/system_stm32h7xx.o
LOAD ./Core/Startup/startup_stm32h753vitx.o
LOAD ./Drivers/BSP/Components/lan8742/lan8742.o
LOAD ./Drivers/STM32H7xx_HAL_Driver/Src/stm32h7xx_hal.o
LOAD ./Drivers/STM32H7xx_HAL_Driver/Src/stm32h7xx_hal_cortex.o
LOAD ./Drivers/STM32H7xx_HAL_Driver/Src/stm32h7xx_hal_dma.o
LOAD ./Drivers/STM32H7xx_HAL_Driver/Src/stm32h7xx_hal_dma_ex.o
LOAD ./Drivers/STM32H7xx_HAL_Driver/Src/stm32h7xx_hal_eth.o
LOAD ./Drivers/STM32H7xx_HAL_Driver/Src/stm32h7xx_hal_eth_ex.o
LOAD ./Drivers/STM32H7xx_HAL_Driver/Src/stm32h7xx_hal_exti.o
LOAD ./Drivers/STM32H7xx_HAL_Driver/Src/stm32h7xx_hal_fdcan.o
LOAD ./Drivers/STM32H7xx_HAL_Driver/Src/stm32h7xx_hal_flash.o
LOAD ./Drivers/STM32H7xx_HAL_Driver/Src/stm32h7xx_hal_flash_ex.o
LOAD ./Drivers/STM32H7xx_HAL_Driver/Src/stm32h7xx_hal_gpio.o
LOAD ./Drivers/STM32H7xx_HAL_Driver/Src/stm32h7xx_hal_hsem.o
LOAD ./Drivers/STM32H7xx_HAL_Driver/Src/stm32h7xx_hal_i2c.o
LOAD ./Drivers/STM32H7xx_HAL_Driver/Src/stm32h7xx_hal_i2c_ex.o
LOAD ./Drivers/STM32H7xx_HAL_Driver/Src/stm32h7xx_hal_mdma.o
LOAD ./Drivers/STM32H7xx_HAL_Driver/Src/stm32h7xx_hal_pwr.o
LOAD ./Drivers/STM32H7xx_HAL_Driver/Src/stm32h7xx_hal_pwr_ex.o
LOAD ./Drivers/STM32H7xx_HAL_Driver/Src/stm32h7xx_hal_rcc.o
LOAD ./Drivers/STM32H7xx_HAL_Driver/Src/stm32h7xx_hal_rcc_ex.o
LOAD ./Drivers/STM32H7xx_HAL_Driver/Src/stm32h7xx_hal_tim.o
LOAD ./Drivers/STM32H7xx_HAL_Driver/Src/stm32h7xx_hal_tim_ex.o
LOAD ./LWIP/App/lwip.o
LOAD ./LWIP/Target/ethernetif.o
LOAD ./Middlewares/Third_Party/FreeRTOS/Source/CMSIS_RTOS_V2/cmsis_os2.o
LOAD ./Middlewares/Third_Party/FreeRTOS/Source/croutine.o
LOAD ./Middlewares/Third_Party/FreeRTOS/Source/event_groups.o
LOAD ./Middlewares/Third_Party/FreeRTOS/Source/list.o
LOAD ./Middlewares/Third_Party/FreeRTOS/Source/queue.o
LOAD ./Middlewares/Third_Party/FreeRTOS/Source/stream_buffer.o
LOAD ./Middlewares/Third_Party/FreeRTOS/Source/tasks.o
LOAD ./Middlewares/Third_Party/FreeRTOS/Source/timers.o
LOAD ./Middlewares/Third_Party/FreeRTOS/Source/portable/GCC/ARM_CM4F/port.o
LOAD ./Middlewares/Third_Party/FreeRTOS/Source/portable/MemMang/heap_4.o
LOAD ./Middlewares/Third_Party/LwIP/src/api/api_lib.o
LOAD ./Middlewares/Third_Party/LwIP/src/api/api_msg.o
LOAD ./Middlewares/Third_Party/LwIP/src/api/err.o
LOAD ./Middlewares/Third_Party/LwIP/src/api/if_api.o
LOAD ./Middlewares/Third_Party/LwIP/src/api/netbuf.o
LOAD ./Middlewares/Third_Party/LwIP/src/api/netdb.o
LOAD ./Middlewares/Third_Party/LwIP/src/api/netifapi.o
LOAD ./Middlewares/Third_Party/LwIP/src/api/sockets.o
LOAD ./Middlewares/Third_Party/LwIP/src/api/tcpip.o
LOAD ./Middlewares/Third_Party/LwIP/src/apps/http/fs.o
LOAD ./Middlewares/Third_Party/LwIP/src/apps/http/httpd.o
LOAD ./Middlewares/Third_Party/LwIP/src/apps/mqtt/mqtt.o
LOAD ./Middlewares/Third_Party/LwIP/src/core/altcp.o
LOAD ./Middlewares/Third_Party/LwIP/src/core/altcp_alloc.o
LOAD ./Middlewares/Third_Party/LwIP/src/core/altcp_tcp.o
LOAD ./Middlewares/Third_Party/LwIP/src/core/def.o
LOAD ./Middlewares/Third_Party/LwIP/src/core/dns.o
LOAD ./Middlewares/Third_Party/LwIP/src/core/inet_chksum.o
LOAD ./Middlewares/Third_Party/LwIP/src/core/init.o
LOAD ./Middlewares/Third_Party/LwIP/src/core/ip.o
LOAD ./Middlewares/Third_Party/LwIP/src/core/mem.o
LOAD ./Middlewares/Third_Party/LwIP/src/core/memp.o
LOAD ./Middlewares/Third_Party/LwIP/src/core/netif.o
LOAD ./Middlewares/Third_Party/LwIP/src/core/pbuf.o
LOAD ./Middlewares/Third_Party/LwIP/src/core/raw.o
LOAD ./Middlewares/Third_Party/LwIP/src/core/stats.o
LOAD ./Middlewares/Third_Party/LwIP/src/core/sys.o
LOAD ./Middlewares/Third_Party/LwIP/src/core/tcp.o
LOAD ./Middlewares/Third_Party/LwIP/src/core/tcp_in.o
LOAD ./Middlewares/Third_Party/LwIP/src/core/tcp_out.o
LOAD ./Middlewares/Third_Party/LwIP/src/core/timeouts.o
LOAD ./Middlewares/Third_Party/LwIP/src/core/udp.o
LOAD ./Middlewares/Third_Party/LwIP/src/core/ipv4/autoip.o
LOAD ./Middlewares/Third_Party/LwIP/src/core/ipv4/dhcp.o
LOAD ./Middlewares/Third_Party/LwIP/src/core/ipv4/etharp.o
LOAD ./Middlewares/Third_Party/LwIP/src/core/ipv4/icmp.o
LOAD ./Middlewares/Third_Party/LwIP/src/core/ipv4/igmp.o
LOAD ./Middlewares/Third_Party/LwIP/src/core/ipv4/ip4.o
LOAD ./Middlewares/Third_Party/LwIP/src/core/ipv4/ip4_addr.o
LOAD ./Middlewares/Third_Party/LwIP/src/core/ipv4/ip4_frag.o
LOAD ./Middlewares/Third_Party/LwIP/src/core/ipv6/dhcp6.o
LOAD ./Middlewares/Third_Party/LwIP/src/core/ipv6/ethip6.o
LOAD ./Middlewares/Third_Party/LwIP/src/core/ipv6/icmp6.o
LOAD ./Middlewares/Third_Party/LwIP/src/core/ipv6/inet6.o
LOAD ./Middlewares/Third_Party/LwIP/src/core/ipv6/ip6.o
LOAD ./Middlewares/Third_Party/LwIP/src/core/ipv6/ip6_addr.o
LOAD ./Middlewares/Third_Party/LwIP/src/core/ipv6/ip6_frag.o
LOAD ./Middlewares/Third_Party/LwIP/src/core/ipv6/mld6.o
LOAD ./Middlewares/Third_Party/LwIP/src/core/ipv6/nd6.o
LOAD ./Middlewares/Third_Party/LwIP/src/netif/bridgeif.o
LOAD ./Middlewares/Third_Party/LwIP/src/netif/bridgeif_fdb.o
LOAD ./Middlewares/Third_Party/LwIP/src/netif/ethernet.o
LOAD ./Middlewares/Third_Party/LwIP/src/netif/lowpan6.o
LOAD ./Middlewares/Third_Party/LwIP/src/netif/lowpan6_ble.o
LOAD ./Middlewares/Third_Party/LwIP/src/netif/lowpan6_common.o
LOAD ./Middlewares/Third_Party/LwIP/src/netif/slipif.o
LOAD ./Middlewares/Third_Party/LwIP/src/netif/zepif.o
LOAD ./Middlewares/Third_Party/LwIP/src/netif/ppp/auth.o
LOAD ./Middlewares/Third_Party/LwIP/src/netif/ppp/ccp.o
LOAD ./Middlewares/Third_Party/LwIP/src/netif/ppp/chap-md5.o
LOAD ./Middlewares/Third_Party/LwIP/src/netif/ppp/chap-new.o
LOAD ./Middlewares/Third_Party/LwIP/src/netif/ppp/chap_ms.o
LOAD ./Middlewares/Third_Party/LwIP/src/netif/ppp/demand.o
LOAD ./Middlewares/Third_Party/LwIP/src/netif/ppp/eap.o
LOAD ./Middlewares/Third_Party/LwIP/src/netif/ppp/ecp.o
LOAD ./Middlewares/Third_Party/LwIP/src/netif/ppp/eui64.o
LOAD ./Middlewares/Third_Party/LwIP/src/netif/ppp/fsm.o
LOAD ./Middlewares/Third_Party/LwIP/src/netif/ppp/ipcp.o
LOAD ./Middlewares/Third_Party/LwIP/src/netif/ppp/ipv6cp.o
LOAD ./Middlewares/Third_Party/LwIP/src/netif/ppp/lcp.o
LOAD ./Middlewares/Third_Party/LwIP/src/netif/ppp/magic.o
LOAD ./Middlewares/Third_Party/LwIP/src/netif/ppp/mppe.o
LOAD ./Middlewares/Third_Party/LwIP/src/netif/ppp/multilink.o
LOAD ./Middlewares/Third_Party/LwIP/src/netif/ppp/ppp.o
LOAD ./Middlewares/Third_Party/LwIP/src/netif/ppp/pppapi.o
LOAD ./Middlewares/Third_Party/LwIP/src/netif/ppp/pppcrypt.o
LOAD ./Middlewares/Third_Party/LwIP/src/netif/ppp/pppoe.o
LOAD ./Middlewares/Third_Party/LwIP/src/netif/ppp/pppol2tp.o
LOAD ./Middlewares/Third_Party/LwIP/src/netif/ppp/pppos.o
LOAD ./Middlewares/Third_Party/LwIP/src/netif/ppp/upap.o
LOAD ./Middlewares/Third_Party/LwIP/src/netif/ppp/utils.o
LOAD ./Middlewares/Third_Party/LwIP/src/netif/ppp/vj.o
LOAD ./Middlewares/Third_Party/LwIP/system/OS/sys_arch.o
START GROUP
LOAD c:/st/stm32cubeide_1.11.0/stm32cubeide/plugins/com.st.stm32cube.ide.mcu.externaltools.gnu-tools-for-stm32.10.3-2021.10.win32_1.0.100.202210260954/tools/bin/../lib/gcc/arm-none-eabi/10.3.1/../../../../arm-none-eabi/lib/thumb/v7e-m+dp/hard\libc_nano.a
LOAD c:/st/stm32cubeide_1.11.0/stm32cubeide/plugins/com.st.stm32cube.ide.mcu.externaltools.gnu-tools-for-stm32.10.3-2021.10.win32_1.0.100.202210260954/tools/bin/../lib/gcc/arm-none-eabi/10.3.1/../../../../arm-none-eabi/lib/thumb/v7e-m+dp/hard\libm.a
END GROUP
START GROUP
LOAD c:/st/stm32cubeide_1.11.0/stm32cubeide/plugins/com.st.stm32cube.ide.mcu.externaltools.gnu-tools-for-stm32.10.3-2021.10.win32_1.0.100.202210260954/tools/bin/../lib/gcc/arm-none-eabi/10.3.1/thumb/v7e-m+dp/hard\libgcc.a
LOAD c:/st/stm32cubeide_1.11.0/stm32cubeide/plugins/com.st.stm32cube.ide.mcu.externaltools.gnu-tools-for-stm32.10.3-2021.10.win32_1.0.100.202210260954/tools/bin/../lib/gcc/arm-none-eabi/10.3.1/../../../../arm-none-eabi/lib/thumb/v7e-m+dp/hard\libc_nano.a
END GROUP
START GROUP
LOAD c:/st/stm32cubeide_1.11.0/stm32cubeide/plugins/com.st.stm32cube.ide.mcu.externaltools.gnu-tools-for-stm32.10.3-2021.10.win32_1.0.100.202210260954/tools/bin/../lib/gcc/arm-none-eabi/10.3.1/thumb/v7e-m+dp/hard\libgcc.a
LOAD c:/st/stm32cubeide_1.11.0/stm32cubeide/plugins/com.st.stm32cube.ide.mcu.externaltools.gnu-tools-for-stm32.10.3-2021.10.win32_1.0.100.202210260954/tools/bin/../lib/gcc/arm-none-eabi/10.3.1/../../../../arm-none-eabi/lib/thumb/v7e-m+dp/hard\libc_nano.a
LOAD c:/st/stm32cubeide_1.11.0/stm32cubeide/plugins/com.st.stm32cube.ide.mcu.externaltools.gnu-tools-for-stm32.10.3-2021.10.win32_1.0.100.202210260954/tools/bin/../lib/gcc/arm-none-eabi/10.3.1/../../../../arm-none-eabi/lib/thumb/v7e-m+dp/hard\libnosys.a
END GROUP
START GROUP
LOAD c:/st/stm32cubeide_1.11.0/stm32cubeide/plugins/com.st.stm32cube.ide.mcu.externaltools.gnu-tools-for-stm32.10.3-2021.10.win32_1.0.100.202210260954/tools/bin/../lib/gcc/arm-none-eabi/10.3.1/thumb/v7e-m+dp/hard\libgcc.a
LOAD c:/st/stm32cubeide_1.11.0/stm32cubeide/plugins/com.st.stm32cube.ide.mcu.externaltools.gnu-tools-for-stm32.10.3-2021.10.win32_1.0.100.202210260954/tools/bin/../lib/gcc/arm-none-eabi/10.3.1/../../../../arm-none-eabi/lib/thumb/v7e-m+dp/hard\libc_nano.a
LOAD c:/st/stm32cubeide_1.11.0/stm32cubeide/plugins/com.st.stm32cube.ide.mcu.externaltools.gnu-tools-for-stm32.10.3-2021.10.win32_1.0.100.202210260954/tools/bin/../lib/gcc/arm-none-eabi/10.3.1/../../../../arm-none-eabi/lib/thumb/v7e-m+dp/hard\libnosys.a
END GROUP
LOAD c:/st/stm32cubeide_1.11.0/stm32cubeide/plugins/com.st.stm32cube.ide.mcu.externaltools.gnu-tools-for-stm32.10.3-2021.10.win32_1.0.100.202210260954/tools/bin/../lib/gcc/arm-none-eabi/10.3.1/thumb/v7e-m+dp/hard/crtend.o
LOAD c:/st/stm32cubeide_1.11.0/stm32cubeide/plugins/com.st.stm32cube.ide.mcu.externaltools.gnu-tools-for-stm32.10.3-2021.10.win32_1.0.100.202210260954/tools/bin/../lib/gcc/arm-none-eabi/10.3.1/thumb/v7e-m+dp/hard/crtn.o
                0x0000000024080000                _estack = (ORIGIN (RAM_D1) + LENGTH (RAM_D1))
                0x0000000000000200                _Min_Heap_Size = 0x200
                0x0000000000000400                _Min_Stack_Size = 0x400

.isr_vector     0x0000000008000000      0x298
                0x0000000008000000                . = ALIGN (0x4)
 *(.isr_vector)
 .isr_vector    0x0000000008000000      0x298 ./Core/Startup/startup_stm32h753vitx.o
                0x0000000008000000                g_pfnVectors
                0x0000000008000298                . = ALIGN (0x4)

.text           0x00000000080002a0     0xf300
                0x00000000080002a0                . = ALIGN (0x4)
 *(.text)
 .text          0x00000000080002a0       0x40 c:/st/stm32cubeide_1.11.0/stm32cubeide/plugins/com.st.stm32cube.ide.mcu.externaltools.gnu-tools-for-stm32.10.3-2021.10.win32_1.0.100.202210260954/tools/bin/../lib/gcc/arm-none-eabi/10.3.1/thumb/v7e-m+dp/hard/crtbegin.o
 .text          0x00000000080002e0       0x14 c:/st/stm32cubeide_1.11.0/stm32cubeide/plugins/com.st.stm32cube.ide.mcu.externaltools.gnu-tools-for-stm32.10.3-2021.10.win32_1.0.100.202210260954/tools/bin/../lib/gcc/arm-none-eabi/10.3.1/../../../../arm-none-eabi/lib/thumb/v7e-m+dp/hard\libc_nano.a(lib_a-strcmp.o)
                0x00000000080002e0                strcmp
 .text          0x00000000080002f4       0x10 c:/st/stm32cubeide_1.11.0/stm32cubeide/plugins/com.st.stm32cube.ide.mcu.externaltools.gnu-tools-for-stm32.10.3-2021.10.win32_1.0.100.202210260954/tools/bin/../lib/gcc/arm-none-eabi/10.3.1/../../../../arm-none-eabi/lib/thumb/v7e-m+dp/hard\libc_nano.a(lib_a-strlen.o)
                0x00000000080002f4                strlen
 *fill*         0x0000000008000304        0xc 
 .text          0x0000000008000310       0xa0 c:/st/stm32cubeide_1.11.0/stm32cubeide/plugins/com.st.stm32cube.ide.mcu.externaltools.gnu-tools-for-stm32.10.3-2021.10.win32_1.0.100.202210260954/tools/bin/../lib/gcc/arm-none-eabi/10.3.1/../../../../arm-none-eabi/lib/thumb/v7e-m+dp/hard\libc_nano.a(lib_a-memchr.o)
                0x0000000008000310                memchr
 *(.text*)
 .text.HAL_FDCAN_RxFifo0Callback
                0x00000000080003b0       0x2c ./Application/Tasks/can1_task.o
                0x00000000080003b0                HAL_FDCAN_RxFifo0Callback
 .text.can1Task
                0x00000000080003dc      0x11c ./Application/Tasks/can1_task.o
                0x00000000080003dc                can1Task
 .text.can2Task
                0x00000000080004f8       0xfc ./Application/Tasks/can2_task.o
                0x00000000080004f8                can2Task
 .text.dinaCxTask
                0x00000000080005f4      0x1d0 ./Application/Tasks/dina_cx_task.o
                0x00000000080005f4                dinaCxTask
 .text.startlwipInitTask
                0x00000000080007c4       0x14 ./Core/Src/main.o
                0x00000000080007c4                startlwipInitTask
 .text.SystemClock_Config
                0x00000000080007d8       0xb8 ./Core/Src/main.o
                0x00000000080007d8                SystemClock_Config
 .text.startup.main
                0x0000000008000890      0x2d4 ./Core/Src/main.o
                0x0000000008000890                main
 .text.HAL_TIM_PeriodElapsedCallback
                0x0000000008000b64       0x14 ./Core/Src/main.o
                0x0000000008000b64                HAL_TIM_PeriodElapsedCallback
 .text.Error_Handler
                0x0000000008000b78        0x4 ./Core/Src/main.o
                0x0000000008000b78                Error_Handler
 .text.HAL_MspInit
                0x0000000008000b7c       0x30 ./Core/Src/stm32h7xx_hal_msp.o
                0x0000000008000b7c                HAL_MspInit
 .text.HAL_FDCAN_MspInit
                0x0000000008000bac      0x154 ./Core/Src/stm32h7xx_hal_msp.o
                0x0000000008000bac                HAL_FDCAN_MspInit
 .text.HAL_InitTick
                0x0000000008000d00       0x98 ./Core/Src/stm32h7xx_hal_timebase_tim.o
                0x0000000008000d00                HAL_InitTick
 .text.NMI_Handler
                0x0000000008000d98        0x2 ./Core/Src/stm32h7xx_it.o
                0x0000000008000d98                NMI_Handler
 .text.HardFault_Handler
                0x0000000008000d9a        0x2 ./Core/Src/stm32h7xx_it.o
                0x0000000008000d9a                HardFault_Handler
 .text.MemManage_Handler
                0x0000000008000d9c        0x2 ./Core/Src/stm32h7xx_it.o
                0x0000000008000d9c                MemManage_Handler
 .text.BusFault_Handler
                0x0000000008000d9e        0x2 ./Core/Src/stm32h7xx_it.o
                0x0000000008000d9e                BusFault_Handler
 .text.UsageFault_Handler
                0x0000000008000da0        0x2 ./Core/Src/stm32h7xx_it.o
                0x0000000008000da0                UsageFault_Handler
 .text.DebugMon_Handler
                0x0000000008000da2        0x2 ./Core/Src/stm32h7xx_it.o
                0x0000000008000da2                DebugMon_Handler
 .text.FDCAN1_IT0_IRQHandler
                0x0000000008000da4        0xc ./Core/Src/stm32h7xx_it.o
                0x0000000008000da4                FDCAN1_IT0_IRQHandler
 .text.FDCAN2_IT0_IRQHandler
                0x0000000008000db0        0xc ./Core/Src/stm32h7xx_it.o
                0x0000000008000db0                FDCAN2_IT0_IRQHandler
 .text.TIM6_DAC_IRQHandler
                0x0000000008000dbc        0xc ./Core/Src/stm32h7xx_it.o
                0x0000000008000dbc                TIM6_DAC_IRQHandler
 .text.ETH_IRQHandler
                0x0000000008000dc8        0xc ./Core/Src/stm32h7xx_it.o
                0x0000000008000dc8                ETH_IRQHandler
 .text._getpid  0x0000000008000dd4        0x4 ./Core/Src/syscalls.o
                0x0000000008000dd4                _getpid
 .text._kill    0x0000000008000dd8       0x10 ./Core/Src/syscalls.o
                0x0000000008000dd8                _kill
 .text._exit    0x0000000008000de8        0xc ./Core/Src/syscalls.o
                0x0000000008000de8                _exit
 .text._read    0x0000000008000df4       0x1c ./Core/Src/syscalls.o
                0x0000000008000df4                _read
 .text._write   0x0000000008000e10       0x1c ./Core/Src/syscalls.o
                0x0000000008000e10                _write
 .text._close   0x0000000008000e2c        0x6 ./Core/Src/syscalls.o
                0x0000000008000e2c                _close
 .text._fstat   0x0000000008000e32        0xa ./Core/Src/syscalls.o
                0x0000000008000e32                _fstat
 .text._isatty  0x0000000008000e3c        0x4 ./Core/Src/syscalls.o
                0x0000000008000e3c                _isatty
 .text._lseek   0x0000000008000e40        0x4 ./Core/Src/syscalls.o
                0x0000000008000e40                _lseek
 .text._sbrk    0x0000000008000e44       0x40 ./Core/Src/sysmem.o
                0x0000000008000e44                _sbrk
 .text.SystemInit
                0x0000000008000e84       0xc0 ./Core/Src/system_stm32h7xx.o
                0x0000000008000e84                SystemInit
 .text.Reset_Handler
                0x0000000008000f44       0x50 ./Core/Startup/startup_stm32h753vitx.o
                0x0000000008000f44                Reset_Handler
 .text.Default_Handler
                0x0000000008000f94        0x2 ./Core/Startup/startup_stm32h753vitx.o
                0x0000000008000f94                RTC_Alarm_IRQHandler
                0x0000000008000f94                HASH_RNG_IRQHandler
                0x0000000008000f94                EXTI2_IRQHandler
                0x0000000008000f94                TIM8_CC_IRQHandler
                0x0000000008000f94                HRTIM1_Master_IRQHandler
                0x0000000008000f94                UART8_IRQHandler
                0x0000000008000f94                SPI4_IRQHandler
                0x0000000008000f94                TIM1_CC_IRQHandler
                0x0000000008000f94                BDMA_Channel6_IRQHandler
                0x0000000008000f94                DMA2_Stream5_IRQHandler
                0x0000000008000f94                HRTIM1_FLT_IRQHandler
                0x0000000008000f94                JPEG_IRQHandler
                0x0000000008000f94                DMA1_Stream5_IRQHandler
                0x0000000008000f94                BDMA_Channel1_IRQHandler
                0x0000000008000f94                HRTIM1_TIMD_IRQHandler
                0x0000000008000f94                TAMP_STAMP_IRQHandler
                0x0000000008000f94                EXTI3_IRQHandler
                0x0000000008000f94                LPTIM4_IRQHandler
                0x0000000008000f94                TIM8_TRG_COM_TIM14_IRQHandler
                0x0000000008000f94                LPTIM2_IRQHandler
                0x0000000008000f94                DFSDM1_FLT1_IRQHandler
                0x0000000008000f94                DMAMUX2_OVR_IRQHandler
                0x0000000008000f94                TIM8_UP_TIM13_IRQHandler
                0x0000000008000f94                I2C3_ER_IRQHandler
                0x0000000008000f94                DFSDM1_FLT2_IRQHandler
                0x0000000008000f94                MDMA_IRQHandler
                0x0000000008000f94                LPTIM3_IRQHandler
                0x0000000008000f94                HSEM1_IRQHandler
                0x0000000008000f94                EXTI0_IRQHandler
                0x0000000008000f94                I2C2_EV_IRQHandler
                0x0000000008000f94                DMA1_Stream2_IRQHandler
                0x0000000008000f94                FPU_IRQHandler
                0x0000000008000f94                OTG_HS_WKUP_IRQHandler
                0x0000000008000f94                FDCAN1_IT1_IRQHandler
                0x0000000008000f94                LTDC_ER_IRQHandler
                0x0000000008000f94                DMA2_Stream2_IRQHandler
                0x0000000008000f94                HRTIM1_TIME_IRQHandler
                0x0000000008000f94                SPI1_IRQHandler
                0x0000000008000f94                DCMI_IRQHandler
                0x0000000008000f94                HRTIM1_TIMC_IRQHandler
                0x0000000008000f94                DMA2_Stream3_IRQHandler
                0x0000000008000f94                SAI2_IRQHandler
                0x0000000008000f94                DFSDM1_FLT3_IRQHandler
                0x0000000008000f94                USART6_IRQHandler
                0x0000000008000f94                TIM17_IRQHandler
                0x0000000008000f94                USART3_IRQHandler
                0x0000000008000f94                BDMA_Channel7_IRQHandler
                0x0000000008000f94                CRYP_IRQHandler
                0x0000000008000f94                LPTIM5_IRQHandler
                0x0000000008000f94                UART5_IRQHandler
                0x0000000008000f94                ADC3_IRQHandler
                0x0000000008000f94                DMA2_Stream0_IRQHandler
                0x0000000008000f94                TIM4_IRQHandler
                0x0000000008000f94                BDMA_Channel2_IRQHandler
                0x0000000008000f94                QUADSPI_IRQHandler
                0x0000000008000f94                I2C1_EV_IRQHandler
                0x0000000008000f94                DMA1_Stream6_IRQHandler
                0x0000000008000f94                DMAMUX1_OVR_IRQHandler
                0x0000000008000f94                DMA1_Stream1_IRQHandler
                0x0000000008000f94                TIM16_IRQHandler
                0x0000000008000f94                UART4_IRQHandler
                0x0000000008000f94                BDMA_Channel5_IRQHandler
                0x0000000008000f94                TIM3_IRQHandler
                0x0000000008000f94                RCC_IRQHandler
                0x0000000008000f94                TIM8_BRK_TIM12_IRQHandler
                0x0000000008000f94                TIM1_TRG_COM_IRQHandler
                0x0000000008000f94                Default_Handler
                0x0000000008000f94                ECC_IRQHandler
                0x0000000008000f94                CEC_IRQHandler
                0x0000000008000f94                EXTI15_10_IRQHandler
                0x0000000008000f94                BDMA_Channel0_IRQHandler
                0x0000000008000f94                ADC_IRQHandler
                0x0000000008000f94                DMA1_Stream7_IRQHandler
                0x0000000008000f94                HRTIM1_TIMA_IRQHandler
                0x0000000008000f94                SPI5_IRQHandler
                0x0000000008000f94                TIM7_IRQHandler
                0x0000000008000f94                SDMMC1_IRQHandler
                0x0000000008000f94                TIM5_IRQHandler
                0x0000000008000f94                DMA2_Stream7_IRQHandler
                0x0000000008000f94                TIM15_IRQHandler
                0x0000000008000f94                PVD_AVD_IRQHandler
                0x0000000008000f94                I2C3_EV_IRQHandler
                0x0000000008000f94                EXTI9_5_IRQHandler
                0x0000000008000f94                RTC_WKUP_IRQHandler
                0x0000000008000f94                LTDC_IRQHandler
                0x0000000008000f94                SAI3_IRQHandler
                0x0000000008000f94                ETH_WKUP_IRQHandler
                0x0000000008000f94                SPDIF_RX_IRQHandler
                0x0000000008000f94                SPI2_IRQHandler
                0x0000000008000f94                OTG_HS_EP1_IN_IRQHandler
                0x0000000008000f94                DMA1_Stream0_IRQHandler
                0x0000000008000f94                CRS_IRQHandler
                0x0000000008000f94                EXTI4_IRQHandler
                0x0000000008000f94                HRTIM1_TIMB_IRQHandler
                0x0000000008000f94                FDCAN2_IT1_IRQHandler
                0x0000000008000f94                TIM1_UP_IRQHandler
                0x0000000008000f94                BDMA_Channel4_IRQHandler
                0x0000000008000f94                OTG_HS_EP1_OUT_IRQHandler
                0x0000000008000f94                WWDG_IRQHandler
                0x0000000008000f94                SPI6_IRQHandler
                0x0000000008000f94                MDIOS_IRQHandler
                0x0000000008000f94                I2C4_EV_IRQHandler
                0x0000000008000f94                LPUART1_IRQHandler
                0x0000000008000f94                TIM2_IRQHandler
                0x0000000008000f94                OTG_FS_WKUP_IRQHandler
                0x0000000008000f94                OTG_HS_IRQHandler
                0x0000000008000f94                DMA2D_IRQHandler
                0x0000000008000f94                TIM1_BRK_IRQHandler
                0x0000000008000f94                EXTI1_IRQHandler
                0x0000000008000f94                SDMMC2_IRQHandler
                0x0000000008000f94                OTG_FS_EP1_OUT_IRQHandler
                0x0000000008000f94                BDMA_Channel3_IRQHandler
                0x0000000008000f94                UART7_IRQHandler
                0x0000000008000f94                MDIOS_WKUP_IRQHandler
                0x0000000008000f94                USART2_IRQHandler
                0x0000000008000f94                DFSDM1_FLT0_IRQHandler
                0x0000000008000f94                SAI4_IRQHandler
                0x0000000008000f94                I2C2_ER_IRQHandler
                0x0000000008000f94                DMA2_Stream1_IRQHandler
                0x0000000008000f94                FLASH_IRQHandler
                0x0000000008000f94                DMA2_Stream4_IRQHandler
                0x0000000008000f94                USART1_IRQHandler
                0x0000000008000f94                OTG_FS_IRQHandler
                0x0000000008000f94                SPI3_IRQHandler
                0x0000000008000f94                WAKEUP_PIN_IRQHandler
                0x0000000008000f94                DMA1_Stream4_IRQHandler
                0x0000000008000f94                OTG_FS_EP1_IN_IRQHandler
                0x0000000008000f94                I2C1_ER_IRQHandler
                0x0000000008000f94                FMC_IRQHandler
                0x0000000008000f94                FDCAN_CAL_IRQHandler
                0x0000000008000f94                SWPMI1_IRQHandler
                0x0000000008000f94                COMP1_IRQHandler
                0x0000000008000f94                LPTIM1_IRQHandler
                0x0000000008000f94                I2C4_ER_IRQHandler
                0x0000000008000f94                DMA2_Stream6_IRQHandler
                0x0000000008000f94                SAI1_IRQHandler
                0x0000000008000f94                DMA1_Stream3_IRQHandler
 .text.LAN8742_RegisterBusIO
                0x0000000008000f96       0x28 ./Drivers/BSP/Components/lan8742/lan8742.o
                0x0000000008000f96                LAN8742_RegisterBusIO
 .text.LAN8742_Init
                0x0000000008000fbe       0xc2 ./Drivers/BSP/Components/lan8742/lan8742.o
                0x0000000008000fbe                LAN8742_Init
 .text.LAN8742_GetLinkState
                0x0000000008001080       0x94 ./Drivers/BSP/Components/lan8742/lan8742.o
                0x0000000008001080                LAN8742_GetLinkState
 .text.HAL_Init
                0x0000000008001114       0x5c ./Drivers/STM32H7xx_HAL_Driver/Src/stm32h7xx_hal.o
                0x0000000008001114                HAL_Init
 .text.HAL_IncTick
                0x0000000008001170       0x18 ./Drivers/STM32H7xx_HAL_Driver/Src/stm32h7xx_hal.o
                0x0000000008001170                HAL_IncTick
 .text.HAL_GetTick
                0x0000000008001188        0xc ./Drivers/STM32H7xx_HAL_Driver/Src/stm32h7xx_hal.o
                0x0000000008001188                HAL_GetTick
 .text.HAL_GetREVID
                0x0000000008001194        0xc ./Drivers/STM32H7xx_HAL_Driver/Src/stm32h7xx_hal.o
                0x0000000008001194                HAL_GetREVID
 .text.HAL_SYSCFG_ETHInterfaceSelect
                0x00000000080011a0       0x14 ./Drivers/STM32H7xx_HAL_Driver/Src/stm32h7xx_hal.o
                0x00000000080011a0                HAL_SYSCFG_ETHInterfaceSelect
 .text.HAL_NVIC_SetPriorityGrouping
                0x00000000080011b4       0x24 ./Drivers/STM32H7xx_HAL_Driver/Src/stm32h7xx_hal_cortex.o
                0x00000000080011b4                HAL_NVIC_SetPriorityGrouping
 .text.HAL_NVIC_SetPriority
                0x00000000080011d8       0x64 ./Drivers/STM32H7xx_HAL_Driver/Src/stm32h7xx_hal_cortex.o
                0x00000000080011d8                HAL_NVIC_SetPriority
 .text.HAL_NVIC_EnableIRQ
                0x000000000800123c       0x1c ./Drivers/STM32H7xx_HAL_Driver/Src/stm32h7xx_hal_cortex.o
                0x000000000800123c                HAL_NVIC_EnableIRQ
 .text.HAL_MPU_Disable
                0x0000000008001258       0x1c ./Drivers/STM32H7xx_HAL_Driver/Src/stm32h7xx_hal_cortex.o
                0x0000000008001258                HAL_MPU_Disable
 .text.HAL_MPU_Enable
                0x0000000008001274       0x20 ./Drivers/STM32H7xx_HAL_Driver/Src/stm32h7xx_hal_cortex.o
                0x0000000008001274                HAL_MPU_Enable
 .text.HAL_MPU_ConfigRegion
                0x0000000008001294       0x58 ./Drivers/STM32H7xx_HAL_Driver/Src/stm32h7xx_hal_cortex.o
                0x0000000008001294                HAL_MPU_ConfigRegion
 .text.ETH_SetMACConfig
                0x00000000080012ec      0x1b2 ./Drivers/STM32H7xx_HAL_Driver/Src/stm32h7xx_hal_eth.o
 *fill*         0x000000000800149e        0x2 
 .text.ETH_SetDMAConfig
                0x00000000080014a0       0x8c ./Drivers/STM32H7xx_HAL_Driver/Src/stm32h7xx_hal_eth.o
 .text.ETH_Prepare_Tx_Descriptors
                0x000000000800152c      0x344 ./Drivers/STM32H7xx_HAL_Driver/Src/stm32h7xx_hal_eth.o
 .text.ETH_UpdateDescriptor
                0x0000000008001870       0x84 ./Drivers/STM32H7xx_HAL_Driver/Src/stm32h7xx_hal_eth.o
 .text.HAL_ETH_Start_IT
                0x00000000080018f4       0xa4 ./Drivers/STM32H7xx_HAL_Driver/Src/stm32h7xx_hal_eth.o
                0x00000000080018f4                HAL_ETH_Start_IT
 .text.HAL_ETH_Stop_IT
                0x0000000008001998       0x82 ./Drivers/STM32H7xx_HAL_Driver/Src/stm32h7xx_hal_eth.o
                0x0000000008001998                HAL_ETH_Stop_IT
 .text.HAL_ETH_Transmit_IT
                0x0000000008001a1a       0x5c ./Drivers/STM32H7xx_HAL_Driver/Src/stm32h7xx_hal_eth.o
                0x0000000008001a1a                HAL_ETH_Transmit_IT
 .text.HAL_ETH_ReadData
                0x0000000008001a76       0xfa ./Drivers/STM32H7xx_HAL_Driver/Src/stm32h7xx_hal_eth.o
                0x0000000008001a76                HAL_ETH_ReadData
 .text.HAL_ETH_ReleaseTxPacket
                0x0000000008001b70       0x56 ./Drivers/STM32H7xx_HAL_Driver/Src/stm32h7xx_hal_eth.o
                0x0000000008001b70                HAL_ETH_ReleaseTxPacket
 .text.HAL_ETH_PMTCallback
                0x0000000008001bc6        0x2 ./Drivers/STM32H7xx_HAL_Driver/Src/stm32h7xx_hal_eth.o
                0x0000000008001bc6                HAL_ETH_PMTCallback
 .text.HAL_ETH_EEECallback
                0x0000000008001bc8        0x2 ./Drivers/STM32H7xx_HAL_Driver/Src/stm32h7xx_hal_eth.o
                0x0000000008001bc8                HAL_ETH_EEECallback
 .text.HAL_ETH_WakeUpCallback
                0x0000000008001bca        0x2 ./Drivers/STM32H7xx_HAL_Driver/Src/stm32h7xx_hal_eth.o
                0x0000000008001bca                HAL_ETH_WakeUpCallback
 .text.HAL_ETH_IRQHandler
                0x0000000008001bcc      0x146 ./Drivers/STM32H7xx_HAL_Driver/Src/stm32h7xx_hal_eth.o
                0x0000000008001bcc                HAL_ETH_IRQHandler
 .text.HAL_ETH_ReadPHYRegister
                0x0000000008001d12       0x5c ./Drivers/STM32H7xx_HAL_Driver/Src/stm32h7xx_hal_eth.o
                0x0000000008001d12                HAL_ETH_ReadPHYRegister
 *fill*         0x0000000008001d6e        0x2 
 .text.HAL_ETH_WritePHYRegister
                0x0000000008001d70       0x64 ./Drivers/STM32H7xx_HAL_Driver/Src/stm32h7xx_hal_eth.o
                0x0000000008001d70                HAL_ETH_WritePHYRegister
 .text.HAL_ETH_GetMACConfig
                0x0000000008001dd4      0x18c ./Drivers/STM32H7xx_HAL_Driver/Src/stm32h7xx_hal_eth.o
                0x0000000008001dd4                HAL_ETH_GetMACConfig
 .text.HAL_ETH_SetMACConfig
                0x0000000008001f60       0x18 ./Drivers/STM32H7xx_HAL_Driver/Src/stm32h7xx_hal_eth.o
                0x0000000008001f60                HAL_ETH_SetMACConfig
 .text.HAL_ETH_SetMDIOClockRange
                0x0000000008001f78       0x78 ./Drivers/STM32H7xx_HAL_Driver/Src/stm32h7xx_hal_eth.o
                0x0000000008001f78                HAL_ETH_SetMDIOClockRange
 .text.HAL_ETH_Init
                0x0000000008001ff0      0x220 ./Drivers/STM32H7xx_HAL_Driver/Src/stm32h7xx_hal_eth.o
                0x0000000008001ff0                HAL_ETH_Init
 .text.HAL_ETH_GetDMAError
                0x0000000008002210        0x6 ./Drivers/STM32H7xx_HAL_Driver/Src/stm32h7xx_hal_eth.o
                0x0000000008002210                HAL_ETH_GetDMAError
 *fill*         0x0000000008002216        0x2 
 .text.FDCAN_CopyMessageToRAM
                0x0000000008002218       0x7c ./Drivers/STM32H7xx_HAL_Driver/Src/stm32h7xx_hal_fdcan.o
 .text.HAL_FDCAN_Init
                0x0000000008002294      0x3d4 ./Drivers/STM32H7xx_HAL_Driver/Src/stm32h7xx_hal_fdcan.o
                0x0000000008002294                HAL_FDCAN_Init
 .text.HAL_FDCAN_ConfigFilter
                0x0000000008002668       0x78 ./Drivers/STM32H7xx_HAL_Driver/Src/stm32h7xx_hal_fdcan.o
                0x0000000008002668                HAL_FDCAN_ConfigFilter
 .text.HAL_FDCAN_Start
                0x00000000080026e0       0x32 ./Drivers/STM32H7xx_HAL_Driver/Src/stm32h7xx_hal_fdcan.o
                0x00000000080026e0                HAL_FDCAN_Start
 .text.HAL_FDCAN_AddMessageToTxFifoQ
                0x0000000008002712       0x66 ./Drivers/STM32H7xx_HAL_Driver/Src/stm32h7xx_hal_fdcan.o
                0x0000000008002712                HAL_FDCAN_AddMessageToTxFifoQ
 .text.HAL_FDCAN_GetRxMessage
                0x0000000008002778      0x16c ./Drivers/STM32H7xx_HAL_Driver/Src/stm32h7xx_hal_fdcan.o
                0x0000000008002778                HAL_FDCAN_GetRxMessage
 .text.HAL_FDCAN_ActivateNotification
                0x00000000080028e4       0x7c ./Drivers/STM32H7xx_HAL_Driver/Src/stm32h7xx_hal_fdcan.o
                0x00000000080028e4                HAL_FDCAN_ActivateNotification
 .text.HAL_FDCAN_ClockCalibrationCallback
                0x0000000008002960        0x2 ./Drivers/STM32H7xx_HAL_Driver/Src/stm32h7xx_hal_fdcan.o
                0x0000000008002960                HAL_FDCAN_ClockCalibrationCallback
 .text.HAL_FDCAN_TxEventFifoCallback
                0x0000000008002962        0x2 ./Drivers/STM32H7xx_HAL_Driver/Src/stm32h7xx_hal_fdcan.o
                0x0000000008002962                HAL_FDCAN_TxEventFifoCallback
 .text.HAL_FDCAN_RxFifo1Callback
                0x0000000008002964        0x2 ./Drivers/STM32H7xx_HAL_Driver/Src/stm32h7xx_hal_fdcan.o
                0x0000000008002964                HAL_FDCAN_RxFifo1Callback
 .text.HAL_FDCAN_TxFifoEmptyCallback
                0x0000000008002966        0x2 ./Drivers/STM32H7xx_HAL_Driver/Src/stm32h7xx_hal_fdcan.o
                0x0000000008002966                HAL_FDCAN_TxFifoEmptyCallback
 .text.HAL_FDCAN_TxBufferCompleteCallback
                0x0000000008002968        0x2 ./Drivers/STM32H7xx_HAL_Driver/Src/stm32h7xx_hal_fdcan.o
                0x0000000008002968                HAL_FDCAN_TxBufferCompleteCallback
 .text.HAL_FDCAN_TxBufferAbortCallback
                0x000000000800296a        0x2 ./Drivers/STM32H7xx_HAL_Driver/Src/stm32h7xx_hal_fdcan.o
                0x000000000800296a                HAL_FDCAN_TxBufferAbortCallback
 .text.HAL_FDCAN_RxBufferNewMessageCallback
                0x000000000800296c        0x2 ./Drivers/STM32H7xx_HAL_Driver/Src/stm32h7xx_hal_fdcan.o
                0x000000000800296c                HAL_FDCAN_RxBufferNewMessageCallback
 .text.HAL_FDCAN_TimestampWraparoundCallback
                0x000000000800296e        0x2 ./Drivers/STM32H7xx_HAL_Driver/Src/stm32h7xx_hal_fdcan.o
                0x000000000800296e                HAL_FDCAN_TimestampWraparoundCallback
 .text.HAL_FDCAN_TimeoutOccurredCallback
                0x0000000008002970        0x2 ./Drivers/STM32H7xx_HAL_Driver/Src/stm32h7xx_hal_fdcan.o
                0x0000000008002970                HAL_FDCAN_TimeoutOccurredCallback
 .text.HAL_FDCAN_HighPriorityMessageCallback
                0x0000000008002972        0x2 ./Drivers/STM32H7xx_HAL_Driver/Src/stm32h7xx_hal_fdcan.o
                0x0000000008002972                HAL_FDCAN_HighPriorityMessageCallback
 .text.HAL_FDCAN_ErrorCallback
                0x0000000008002974        0x2 ./Drivers/STM32H7xx_HAL_Driver/Src/stm32h7xx_hal_fdcan.o
                0x0000000008002974                HAL_FDCAN_ErrorCallback
 .text.HAL_FDCAN_ErrorStatusCallback
                0x0000000008002976        0x2 ./Drivers/STM32H7xx_HAL_Driver/Src/stm32h7xx_hal_fdcan.o
                0x0000000008002976                HAL_FDCAN_ErrorStatusCallback
 .text.HAL_FDCAN_TT_ScheduleSyncCallback
                0x0000000008002978        0x2 ./Drivers/STM32H7xx_HAL_Driver/Src/stm32h7xx_hal_fdcan.o
                0x0000000008002978                HAL_FDCAN_TT_ScheduleSyncCallback
 .text.HAL_FDCAN_TT_TimeMarkCallback
                0x000000000800297a        0x2 ./Drivers/STM32H7xx_HAL_Driver/Src/stm32h7xx_hal_fdcan.o
                0x000000000800297a                HAL_FDCAN_TT_TimeMarkCallback
 .text.HAL_FDCAN_TT_StopWatchCallback
                0x000000000800297c        0x2 ./Drivers/STM32H7xx_HAL_Driver/Src/stm32h7xx_hal_fdcan.o
                0x000000000800297c                HAL_FDCAN_TT_StopWatchCallback
 .text.HAL_FDCAN_TT_GlobalTimeCallback
                0x000000000800297e        0x2 ./Drivers/STM32H7xx_HAL_Driver/Src/stm32h7xx_hal_fdcan.o
                0x000000000800297e                HAL_FDCAN_TT_GlobalTimeCallback
 .text.HAL_FDCAN_IRQHandler
                0x0000000008002980      0x2c8 ./Drivers/STM32H7xx_HAL_Driver/Src/stm32h7xx_hal_fdcan.o
                0x0000000008002980                HAL_FDCAN_IRQHandler
 .text.HAL_GPIO_Init
                0x0000000008002c48      0x1d8 ./Drivers/STM32H7xx_HAL_Driver/Src/stm32h7xx_hal_gpio.o
                0x0000000008002c48                HAL_GPIO_Init
 .text.HAL_GPIO_WritePin
                0x0000000008002e20        0xa ./Drivers/STM32H7xx_HAL_Driver/Src/stm32h7xx_hal_gpio.o
                0x0000000008002e20                HAL_GPIO_WritePin
 *fill*         0x0000000008002e2a        0x2 
 .text.HAL_PWREx_ConfigSupply
                0x0000000008002e2c       0x48 ./Drivers/STM32H7xx_HAL_Driver/Src/stm32h7xx_hal_pwr_ex.o
                0x0000000008002e2c                HAL_PWREx_ConfigSupply
 .text.HAL_RCC_OscConfig
                0x0000000008002e74      0x568 ./Drivers/STM32H7xx_HAL_Driver/Src/stm32h7xx_hal_rcc.o
                0x0000000008002e74                HAL_RCC_OscConfig
 .text.HAL_RCC_GetSysClockFreq
                0x00000000080033dc      0x140 ./Drivers/STM32H7xx_HAL_Driver/Src/stm32h7xx_hal_rcc.o
                0x00000000080033dc                HAL_RCC_GetSysClockFreq
 .text.HAL_RCC_ClockConfig
                0x000000000800351c      0x24c ./Drivers/STM32H7xx_HAL_Driver/Src/stm32h7xx_hal_rcc.o
                0x000000000800351c                HAL_RCC_ClockConfig
 .text.HAL_RCC_GetHCLKFreq
                0x0000000008003768       0x44 ./Drivers/STM32H7xx_HAL_Driver/Src/stm32h7xx_hal_rcc.o
                0x0000000008003768                HAL_RCC_GetHCLKFreq
 .text.HAL_RCC_GetPCLK1Freq
                0x00000000080037ac       0x24 ./Drivers/STM32H7xx_HAL_Driver/Src/stm32h7xx_hal_rcc.o
                0x00000000080037ac                HAL_RCC_GetPCLK1Freq
 .text.HAL_RCC_GetClockConfig
                0x00000000080037d0       0x54 ./Drivers/STM32H7xx_HAL_Driver/Src/stm32h7xx_hal_rcc.o
                0x00000000080037d0                HAL_RCC_GetClockConfig
 .text.RCCEx_PLL2_Config
                0x0000000008003824       0xf0 ./Drivers/STM32H7xx_HAL_Driver/Src/stm32h7xx_hal_rcc_ex.o
 .text.RCCEx_PLL3_Config
                0x0000000008003914       0xf0 ./Drivers/STM32H7xx_HAL_Driver/Src/stm32h7xx_hal_rcc_ex.o
 .text.HAL_RCCEx_PeriphCLKConfig
                0x0000000008003a04      0xa28 ./Drivers/STM32H7xx_HAL_Driver/Src/stm32h7xx_hal_rcc_ex.o
                0x0000000008003a04                HAL_RCCEx_PeriphCLKConfig
 .text.HAL_TIM_Base_MspInit
                0x000000000800442c        0x2 ./Drivers/STM32H7xx_HAL_Driver/Src/stm32h7xx_hal_tim.o
                0x000000000800442c                HAL_TIM_Base_MspInit
 *fill*         0x000000000800442e        0x2 
 .text.HAL_TIM_Base_Start_IT
                0x0000000008004430       0x7c ./Drivers/STM32H7xx_HAL_Driver/Src/stm32h7xx_hal_tim.o
                0x0000000008004430                HAL_TIM_Base_Start_IT
 .text.HAL_TIM_OC_DelayElapsedCallback
                0x00000000080044ac        0x2 ./Drivers/STM32H7xx_HAL_Driver/Src/stm32h7xx_hal_tim.o
                0x00000000080044ac                HAL_TIM_OC_DelayElapsedCallback
 .text.HAL_TIM_IC_CaptureCallback
                0x00000000080044ae        0x2 ./Drivers/STM32H7xx_HAL_Driver/Src/stm32h7xx_hal_tim.o
                0x00000000080044ae                HAL_TIM_IC_CaptureCallback
 .text.HAL_TIM_PWM_PulseFinishedCallback
                0x00000000080044b0        0x2 ./Drivers/STM32H7xx_HAL_Driver/Src/stm32h7xx_hal_tim.o
                0x00000000080044b0                HAL_TIM_PWM_PulseFinishedCallback
 .text.HAL_TIM_TriggerCallback
                0x00000000080044b2        0x2 ./Drivers/STM32H7xx_HAL_Driver/Src/stm32h7xx_hal_tim.o
                0x00000000080044b2                HAL_TIM_TriggerCallback
 .text.HAL_TIM_IRQHandler
                0x00000000080044b4      0x160 ./Drivers/STM32H7xx_HAL_Driver/Src/stm32h7xx_hal_tim.o
                0x00000000080044b4                HAL_TIM_IRQHandler
 .text.TIM_Base_SetConfig
                0x0000000008004614       0xcc ./Drivers/STM32H7xx_HAL_Driver/Src/stm32h7xx_hal_tim.o
                0x0000000008004614                TIM_Base_SetConfig
 .text.HAL_TIM_Base_Init
                0x00000000080046e0       0x60 ./Drivers/STM32H7xx_HAL_Driver/Src/stm32h7xx_hal_tim.o
                0x00000000080046e0                HAL_TIM_Base_Init
 .text.HAL_TIMEx_CommutCallback
                0x0000000008004740        0x2 ./Drivers/STM32H7xx_HAL_Driver/Src/stm32h7xx_hal_tim_ex.o
                0x0000000008004740                HAL_TIMEx_CommutCallback
 .text.HAL_TIMEx_BreakCallback
                0x0000000008004742        0x2 ./Drivers/STM32H7xx_HAL_Driver/Src/stm32h7xx_hal_tim_ex.o
                0x0000000008004742                HAL_TIMEx_BreakCallback
 .text.HAL_TIMEx_Break2Callback
                0x0000000008004744        0x2 ./Drivers/STM32H7xx_HAL_Driver/Src/stm32h7xx_hal_tim_ex.o
                0x0000000008004744                HAL_TIMEx_Break2Callback
 .text.ethernet_link_status_updated
                0x0000000008004746        0x2 ./LWIP/App/lwip.o
 .text.MX_LWIP_Init
                0x0000000008004748       0xdc ./LWIP/App/lwip.o
                0x0000000008004748                MX_LWIP_Init
 .text.ETH_PHY_IO_DeInit
                0x0000000008004824        0x4 ./LWIP/Target/ethernetif.o
                0x0000000008004824                ETH_PHY_IO_DeInit
 .text.low_level_output
                0x0000000008004828       0x80 ./LWIP/Target/ethernetif.o
 .text.ETH_PHY_IO_GetTick
                0x00000000080048a8        0x4 ./LWIP/Target/ethernetif.o
                0x00000000080048a8                ETH_PHY_IO_GetTick
 .text.ETH_PHY_IO_Init
                0x00000000080048ac       0x10 ./LWIP/Target/ethernetif.o
                0x00000000080048ac                ETH_PHY_IO_Init
 .text.ETH_PHY_IO_ReadReg
                0x00000000080048bc       0x1c ./LWIP/Target/ethernetif.o
                0x00000000080048bc                ETH_PHY_IO_ReadReg
 .text.ETH_PHY_IO_WriteReg
                0x00000000080048d8       0x1c ./LWIP/Target/ethernetif.o
                0x00000000080048d8                ETH_PHY_IO_WriteReg
 .text.pbuf_free_custom
                0x00000000080048f4       0x30 ./LWIP/Target/ethernetif.o
                0x00000000080048f4                pbuf_free_custom
 .text.ethernetif_input
                0x0000000008004924       0x58 ./LWIP/Target/ethernetif.o
                0x0000000008004924                ethernetif_input
 .text.HAL_ETH_RxCpltCallback
                0x000000000800497c        0xc ./LWIP/Target/ethernetif.o
                0x000000000800497c                HAL_ETH_RxCpltCallback
 .text.HAL_ETH_TxCpltCallback
                0x0000000008004988        0xc ./LWIP/Target/ethernetif.o
                0x0000000008004988                HAL_ETH_TxCpltCallback
 .text.HAL_ETH_ErrorCallback
                0x0000000008004994       0x1c ./LWIP/Target/ethernetif.o
                0x0000000008004994                HAL_ETH_ErrorCallback
 .text.ethernetif_init
                0x00000000080049b0      0x1dc ./LWIP/Target/ethernetif.o
                0x00000000080049b0                ethernetif_init
 .text.sys_now  0x0000000008004b8c        0x4 ./LWIP/Target/ethernetif.o
                0x0000000008004b8c                sys_now
 .text.HAL_ETH_MspInit
                0x0000000008004b90      0x118 ./LWIP/Target/ethernetif.o
                0x0000000008004b90                HAL_ETH_MspInit
 .text.ethernet_link_thread
                0x0000000008004ca8       0xa8 ./LWIP/Target/ethernetif.o
                0x0000000008004ca8                ethernet_link_thread
 .text.HAL_ETH_RxAllocateCallback
                0x0000000008004d50       0x44 ./LWIP/Target/ethernetif.o
                0x0000000008004d50                HAL_ETH_RxAllocateCallback
 .text.HAL_ETH_RxLinkCallback
                0x0000000008004d94       0x5c ./LWIP/Target/ethernetif.o
                0x0000000008004d94                HAL_ETH_RxLinkCallback
 .text.HAL_ETH_TxFreeCallback
                0x0000000008004df0        0x4 ./LWIP/Target/ethernetif.o
                0x0000000008004df0                HAL_ETH_TxFreeCallback
 .text.SysTick_Handler
                0x0000000008004df4       0x1a ./Middlewares/Third_Party/FreeRTOS/Source/CMSIS_RTOS_V2/cmsis_os2.o
                0x0000000008004df4                SysTick_Handler
 *fill*         0x0000000008004e0e        0x2 
 .text.osKernelInitialize
                0x0000000008004e10       0x24 ./Middlewares/Third_Party/FreeRTOS/Source/CMSIS_RTOS_V2/cmsis_os2.o
                0x0000000008004e10                osKernelInitialize
 .text.osKernelStart
                0x0000000008004e34       0x34 ./Middlewares/Third_Party/FreeRTOS/Source/CMSIS_RTOS_V2/cmsis_os2.o
                0x0000000008004e34                osKernelStart
 .text.osKernelGetTickCount
                0x0000000008004e68        0xe ./Middlewares/Third_Party/FreeRTOS/Source/CMSIS_RTOS_V2/cmsis_os2.o
                0x0000000008004e68                osKernelGetTickCount
 .text.osThreadNew
                0x0000000008004e76       0x96 ./Middlewares/Third_Party/FreeRTOS/Source/CMSIS_RTOS_V2/cmsis_os2.o
                0x0000000008004e76                osThreadNew
 .text.osDelay  0x0000000008004f0c       0x18 ./Middlewares/Third_Party/FreeRTOS/Source/CMSIS_RTOS_V2/cmsis_os2.o
                0x0000000008004f0c                osDelay
 .text.osMutexNew
                0x0000000008004f24       0x6a ./Middlewares/Third_Party/FreeRTOS/Source/CMSIS_RTOS_V2/cmsis_os2.o
                0x0000000008004f24                osMutexNew
 .text.osMutexAcquire
                0x0000000008004f8e       0x44 ./Middlewares/Third_Party/FreeRTOS/Source/CMSIS_RTOS_V2/cmsis_os2.o
                0x0000000008004f8e                osMutexAcquire
 .text.osMutexRelease
                0x0000000008004fd2       0x3c ./Middlewares/Third_Party/FreeRTOS/Source/CMSIS_RTOS_V2/cmsis_os2.o
                0x0000000008004fd2                osMutexRelease
 .text.osSemaphoreNew
                0x000000000800500e       0x94 ./Middlewares/Third_Party/FreeRTOS/Source/CMSIS_RTOS_V2/cmsis_os2.o
                0x000000000800500e                osSemaphoreNew
 .text.osSemaphoreAcquire
                0x00000000080050a2       0x56 ./Middlewares/Third_Party/FreeRTOS/Source/CMSIS_RTOS_V2/cmsis_os2.o
                0x00000000080050a2                osSemaphoreAcquire
 .text.osSemaphoreRelease
                0x00000000080050f8       0x50 ./Middlewares/Third_Party/FreeRTOS/Source/CMSIS_RTOS_V2/cmsis_os2.o
                0x00000000080050f8                osSemaphoreRelease
 .text.osMessageQueueNew
                0x0000000008005148       0x76 ./Middlewares/Third_Party/FreeRTOS/Source/CMSIS_RTOS_V2/cmsis_os2.o
                0x0000000008005148                osMessageQueueNew
 .text.osMessageQueuePut
                0x00000000080051be       0x60 ./Middlewares/Third_Party/FreeRTOS/Source/CMSIS_RTOS_V2/cmsis_os2.o
                0x00000000080051be                osMessageQueuePut
 .text.osMessageQueueGet
                0x000000000800521e       0x5e ./Middlewares/Third_Party/FreeRTOS/Source/CMSIS_RTOS_V2/cmsis_os2.o
                0x000000000800521e                osMessageQueueGet
 .text.vApplicationGetIdleTaskMemory
                0x000000000800527c       0x18 ./Middlewares/Third_Party/FreeRTOS/Source/CMSIS_RTOS_V2/cmsis_os2.o
                0x000000000800527c                vApplicationGetIdleTaskMemory
 .text.vApplicationGetTimerTaskMemory
                0x0000000008005294       0x18 ./Middlewares/Third_Party/FreeRTOS/Source/CMSIS_RTOS_V2/cmsis_os2.o
                0x0000000008005294                vApplicationGetTimerTaskMemory
 .text.vListInitialise
                0x00000000080052ac       0x16 ./Middlewares/Third_Party/FreeRTOS/Source/list.o
                0x00000000080052ac                vListInitialise
 .text.vListInitialiseItem
                0x00000000080052c2        0x6 ./Middlewares/Third_Party/FreeRTOS/Source/list.o
                0x00000000080052c2                vListInitialiseItem
 .text.vListInsertEnd
                0x00000000080052c8       0x18 ./Middlewares/Third_Party/FreeRTOS/Source/list.o
                0x00000000080052c8                vListInsertEnd
 .text.vListInsert
                0x00000000080052e0       0x2e ./Middlewares/Third_Party/FreeRTOS/Source/list.o
                0x00000000080052e0                vListInsert
 .text.uxListRemove
                0x000000000800530e       0x20 ./Middlewares/Third_Party/FreeRTOS/Source/list.o
                0x000000000800530e                uxListRemove
 .text.prvIsQueueEmpty
                0x000000000800532e       0x16 ./Middlewares/Third_Party/FreeRTOS/Source/queue.o
 .text.prvCopyDataToQueue
                0x0000000008005344       0x6a ./Middlewares/Third_Party/FreeRTOS/Source/queue.o
 .text.prvCopyDataFromQueue
                0x00000000080053ae       0x2a ./Middlewares/Third_Party/FreeRTOS/Source/queue.o
 .text.prvUnlockQueue
                0x00000000080053d8       0x70 ./Middlewares/Third_Party/FreeRTOS/Source/queue.o
 .text.xQueueGenericReset
                0x0000000008005448       0x7e ./Middlewares/Third_Party/FreeRTOS/Source/queue.o
                0x0000000008005448                xQueueGenericReset
 .text.xQueueGenericCreateStatic
                0x00000000080054c6       0x9c ./Middlewares/Third_Party/FreeRTOS/Source/queue.o
                0x00000000080054c6                xQueueGenericCreateStatic
 .text.xQueueGenericCreate
                0x0000000008005562       0x4e ./Middlewares/Third_Party/FreeRTOS/Source/queue.o
                0x0000000008005562                xQueueGenericCreate
 .text.xQueueCreateCountingSemaphoreStatic
                0x00000000080055b0       0x44 ./Middlewares/Third_Party/FreeRTOS/Source/queue.o
                0x00000000080055b0                xQueueCreateCountingSemaphoreStatic
 .text.xQueueCreateCountingSemaphore
                0x00000000080055f4       0x3c ./Middlewares/Third_Party/FreeRTOS/Source/queue.o
                0x00000000080055f4                xQueueCreateCountingSemaphore
 .text.xQueueGenericSend
                0x0000000008005630      0x166 ./Middlewares/Third_Party/FreeRTOS/Source/queue.o
                0x0000000008005630                xQueueGenericSend
 .text.xQueueCreateMutexStatic
                0x0000000008005796       0x2a ./Middlewares/Third_Party/FreeRTOS/Source/queue.o
                0x0000000008005796                xQueueCreateMutexStatic
 .text.xQueueGiveMutexRecursive
                0x00000000080057c0       0x3c ./Middlewares/Third_Party/FreeRTOS/Source/queue.o
                0x00000000080057c0                xQueueGiveMutexRecursive
 .text.xQueueCreateMutex
                0x00000000080057fc       0x3a ./Middlewares/Third_Party/FreeRTOS/Source/queue.o
                0x00000000080057fc                xQueueCreateMutex
 .text.xQueueGenericSendFromISR
                0x0000000008005836       0xc4 ./Middlewares/Third_Party/FreeRTOS/Source/queue.o
                0x0000000008005836                xQueueGenericSendFromISR
 .text.xQueueGiveFromISR
                0x00000000080058fa       0xa8 ./Middlewares/Third_Party/FreeRTOS/Source/queue.o
                0x00000000080058fa                xQueueGiveFromISR
 .text.xQueueReceive
                0x00000000080059a2      0x13e ./Middlewares/Third_Party/FreeRTOS/Source/queue.o
                0x00000000080059a2                xQueueReceive
 .text.xQueueSemaphoreTake
                0x0000000008005ae0      0x186 ./Middlewares/Third_Party/FreeRTOS/Source/queue.o
                0x0000000008005ae0                xQueueSemaphoreTake
 .text.xQueueTakeMutexRecursive
                0x0000000008005c66       0x44 ./Middlewares/Third_Party/FreeRTOS/Source/queue.o
                0x0000000008005c66                xQueueTakeMutexRecursive
 .text.xQueueReceiveFromISR
                0x0000000008005caa       0x9e ./Middlewares/Third_Party/FreeRTOS/Source/queue.o
                0x0000000008005caa                xQueueReceiveFromISR
 .text.vQueueAddToRegistry
                0x0000000008005d48       0x24 ./Middlewares/Third_Party/FreeRTOS/Source/queue.o
                0x0000000008005d48                vQueueAddToRegistry
 .text.vQueueUnregisterQueue
                0x0000000008005d6c       0x28 ./Middlewares/Third_Party/FreeRTOS/Source/queue.o
                0x0000000008005d6c                vQueueUnregisterQueue
 .text.vQueueDelete
                0x0000000008005d94       0x2e ./Middlewares/Third_Party/FreeRTOS/Source/queue.o
                0x0000000008005d94                vQueueDelete
 .text.vQueueWaitForMessageRestricted
                0x0000000008005dc2       0x46 ./Middlewares/Third_Party/FreeRTOS/Source/queue.o
                0x0000000008005dc2                vQueueWaitForMessageRestricted
 .text.prvAddNewTaskToReadyList
                0x0000000008005e08       0xfc ./Middlewares/Third_Party/FreeRTOS/Source/tasks.o
 .text.prvAddCurrentTaskToDelayedList
                0x0000000008005f04       0x70 ./Middlewares/Third_Party/FreeRTOS/Source/tasks.o
 .text.prvResetNextTaskUnblockTime
                0x0000000008005f74       0x24 ./Middlewares/Third_Party/FreeRTOS/Source/tasks.o
 .text.prvDeleteTCB
                0x0000000008005f98       0x3c ./Middlewares/Third_Party/FreeRTOS/Source/tasks.o
 .text.prvIdleTask
                0x0000000008005fd4       0x60 ./Middlewares/Third_Party/FreeRTOS/Source/tasks.o
 .text.prvInitialiseNewTask.constprop.0
                0x0000000008006034       0xc0 ./Middlewares/Third_Party/FreeRTOS/Source/tasks.o
 .text.xTaskCreateStatic
                0x00000000080060f4       0x70 ./Middlewares/Third_Party/FreeRTOS/Source/tasks.o
                0x00000000080060f4                xTaskCreateStatic
 .text.xTaskCreate
                0x0000000008006164       0x5a ./Middlewares/Third_Party/FreeRTOS/Source/tasks.o
                0x0000000008006164                xTaskCreate
 *fill*         0x00000000080061be        0x2 
 .text.vTaskStartScheduler
                0x00000000080061c0       0xa0 ./Middlewares/Third_Party/FreeRTOS/Source/tasks.o
                0x00000000080061c0                vTaskStartScheduler
 .text.vTaskSuspendAll
                0x0000000008006260       0x10 ./Middlewares/Third_Party/FreeRTOS/Source/tasks.o
                0x0000000008006260                vTaskSuspendAll
 .text.xTaskGetTickCount
                0x0000000008006270        0xc ./Middlewares/Third_Party/FreeRTOS/Source/tasks.o
                0x0000000008006270                xTaskGetTickCount
 .text.xTaskGetTickCountFromISR
                0x000000000800627c       0x10 ./Middlewares/Third_Party/FreeRTOS/Source/tasks.o
                0x000000000800627c                xTaskGetTickCountFromISR
 .text.xTaskIncrementTick
                0x000000000800628c      0x12c ./Middlewares/Third_Party/FreeRTOS/Source/tasks.o
                0x000000000800628c                xTaskIncrementTick
 .text.xTaskResumeAll
                0x00000000080063b8       0xe8 ./Middlewares/Third_Party/FreeRTOS/Source/tasks.o
                0x00000000080063b8                xTaskResumeAll
 .text.vTaskDelay
                0x00000000080064a0       0x48 ./Middlewares/Third_Party/FreeRTOS/Source/tasks.o
                0x00000000080064a0                vTaskDelay
 .text.vTaskSwitchContext
                0x00000000080064e8       0x80 ./Middlewares/Third_Party/FreeRTOS/Source/tasks.o
                0x00000000080064e8                vTaskSwitchContext
 .text.vTaskPlaceOnEventList
                0x0000000008006568       0x34 ./Middlewares/Third_Party/FreeRTOS/Source/tasks.o
                0x0000000008006568                vTaskPlaceOnEventList
 .text.vTaskPlaceOnEventListRestricted
                0x000000000800659c       0x3c ./Middlewares/Third_Party/FreeRTOS/Source/tasks.o
                0x000000000800659c                vTaskPlaceOnEventListRestricted
 .text.xTaskRemoveFromEventList
                0x00000000080065d8       0x88 ./Middlewares/Third_Party/FreeRTOS/Source/tasks.o
                0x00000000080065d8                xTaskRemoveFromEventList
 .text.vTaskInternalSetTimeOutState
                0x0000000008006660       0x18 ./Middlewares/Third_Party/FreeRTOS/Source/tasks.o
                0x0000000008006660                vTaskInternalSetTimeOutState
 .text.xTaskCheckForTimeOut
                0x0000000008006678       0x78 ./Middlewares/Third_Party/FreeRTOS/Source/tasks.o
                0x0000000008006678                xTaskCheckForTimeOut
 .text.vTaskMissedYield
                0x00000000080066f0        0xc ./Middlewares/Third_Party/FreeRTOS/Source/tasks.o
                0x00000000080066f0                vTaskMissedYield
 .text.xTaskGetCurrentTaskHandle
                0x00000000080066fc        0xc ./Middlewares/Third_Party/FreeRTOS/Source/tasks.o
                0x00000000080066fc                xTaskGetCurrentTaskHandle
 .text.xTaskGetSchedulerState
                0x0000000008006708       0x20 ./Middlewares/Third_Party/FreeRTOS/Source/tasks.o
                0x0000000008006708                xTaskGetSchedulerState
 .text.xTaskPriorityInherit
                0x0000000008006728       0x80 ./Middlewares/Third_Party/FreeRTOS/Source/tasks.o
                0x0000000008006728                xTaskPriorityInherit
 .text.xTaskPriorityDisinherit
                0x00000000080067a8       0x88 ./Middlewares/Third_Party/FreeRTOS/Source/tasks.o
                0x00000000080067a8                xTaskPriorityDisinherit
 .text.vTaskPriorityDisinheritAfterTimeout
                0x0000000008006830       0xa4 ./Middlewares/Third_Party/FreeRTOS/Source/tasks.o
                0x0000000008006830                vTaskPriorityDisinheritAfterTimeout
 .text.pvTaskIncrementMutexHeldCount
                0x00000000080068d4       0x18 ./Middlewares/Third_Party/FreeRTOS/Source/tasks.o
                0x00000000080068d4                pvTaskIncrementMutexHeldCount
 .text.prvCheckForValidListAndQueue
                0x00000000080068ec       0x68 ./Middlewares/Third_Party/FreeRTOS/Source/timers.o
 .text.prvInsertTimerInActiveList
                0x0000000008006954       0x3c ./Middlewares/Third_Party/FreeRTOS/Source/timers.o
 .text.xTimerCreateTimerTask
                0x0000000008006990       0x64 ./Middlewares/Third_Party/FreeRTOS/Source/timers.o
                0x0000000008006990                xTimerCreateTimerTask
 .text.xTimerGenericCommand
                0x00000000080069f4       0x54 ./Middlewares/Third_Party/FreeRTOS/Source/timers.o
                0x00000000080069f4                xTimerGenericCommand
 .text.prvSampleTimeNow
                0x0000000008006a48       0xac ./Middlewares/Third_Party/FreeRTOS/Source/timers.o
 .text.prvTimerTask
                0x0000000008006af4      0x1cc ./Middlewares/Third_Party/FreeRTOS/Source/timers.o
 .text.prvPortStartFirstTask
                0x0000000008006cc0       0x28 ./Middlewares/Third_Party/FreeRTOS/Source/portable/GCC/ARM_CM4F/port.o
 .text.vPortEnableVFP
                0x0000000008006ce8       0x14 ./Middlewares/Third_Party/FreeRTOS/Source/portable/GCC/ARM_CM4F/port.o
 .text.prvTaskExitError
                0x0000000008006cfc       0x40 ./Middlewares/Third_Party/FreeRTOS/Source/portable/GCC/ARM_CM4F/port.o
 .text.pxPortInitialiseStack
                0x0000000008006d3c       0x24 ./Middlewares/Third_Party/FreeRTOS/Source/portable/GCC/ARM_CM4F/port.o
                0x0000000008006d3c                pxPortInitialiseStack
 .text.SVC_Handler
                0x0000000008006d60       0x24 ./Middlewares/Third_Party/FreeRTOS/Source/portable/GCC/ARM_CM4F/port.o
                0x0000000008006d60                SVC_Handler
 .text.vPortEnterCritical
                0x0000000008006d84       0x40 ./Middlewares/Third_Party/FreeRTOS/Source/portable/GCC/ARM_CM4F/port.o
                0x0000000008006d84                vPortEnterCritical
 .text.vPortExitCritical
                0x0000000008006dc4       0x28 ./Middlewares/Third_Party/FreeRTOS/Source/portable/GCC/ARM_CM4F/port.o
                0x0000000008006dc4                vPortExitCritical
 *fill*         0x0000000008006dec        0x4 
 .text.PendSV_Handler
                0x0000000008006df0       0x64 ./Middlewares/Third_Party/FreeRTOS/Source/portable/GCC/ARM_CM4F/port.o
                0x0000000008006df0                PendSV_Handler
 .text.xPortSysTickHandler
                0x0000000008006e54       0x2c ./Middlewares/Third_Party/FreeRTOS/Source/portable/GCC/ARM_CM4F/port.o
                0x0000000008006e54                xPortSysTickHandler
 .text.vPortSetupTimerInterrupt
                0x0000000008006e80       0x24 ./Middlewares/Third_Party/FreeRTOS/Source/portable/GCC/ARM_CM4F/port.o
                0x0000000008006e80                vPortSetupTimerInterrupt
 .text.xPortStartScheduler
                0x0000000008006ea4      0x10c ./Middlewares/Third_Party/FreeRTOS/Source/portable/GCC/ARM_CM4F/port.o
                0x0000000008006ea4                xPortStartScheduler
 .text.vPortValidateInterruptPriority
                0x0000000008006fb0       0x5c ./Middlewares/Third_Party/FreeRTOS/Source/portable/GCC/ARM_CM4F/port.o
                0x0000000008006fb0                vPortValidateInterruptPriority
 .text.prvInsertBlockIntoFreeList
                0x000000000800700c       0x48 ./Middlewares/Third_Party/FreeRTOS/Source/portable/MemMang/heap_4.o
 .text.pvPortMalloc
                0x0000000008007054      0x130 ./Middlewares/Third_Party/FreeRTOS/Source/portable/MemMang/heap_4.o
                0x0000000008007054                pvPortMalloc
 .text.vPortFree
                0x0000000008007184       0x7c ./Middlewares/Third_Party/FreeRTOS/Source/portable/MemMang/heap_4.o
                0x0000000008007184                vPortFree
 .text.tcpip_thread
                0x0000000008007200       0xd0 ./Middlewares/Third_Party/LwIP/src/api/tcpip.o
 .text.tcpip_inpkt
                0x00000000080072d0       0x58 ./Middlewares/Third_Party/LwIP/src/api/tcpip.o
                0x00000000080072d0                tcpip_inpkt
 .text.tcpip_input
                0x0000000008007328       0x1c ./Middlewares/Third_Party/LwIP/src/api/tcpip.o
                0x0000000008007328                tcpip_input
 .text.tcpip_try_callback
                0x0000000008007344       0x58 ./Middlewares/Third_Party/LwIP/src/api/tcpip.o
                0x0000000008007344                tcpip_try_callback
 .text.tcpip_init
                0x000000000800739c       0x80 ./Middlewares/Third_Party/LwIP/src/api/tcpip.o
                0x000000000800739c                tcpip_init
 .text.fs_open  0x000000000800741c       0x40 ./Middlewares/Third_Party/LwIP/src/apps/http/fs.o
                0x000000000800741c                fs_open
 .text.fs_close
                0x000000000800745c        0x2 ./Middlewares/Third_Party/LwIP/src/apps/http/fs.o
                0x000000000800745c                fs_close
 .text.fs_bytes_left
                0x000000000800745e        0x8 ./Middlewares/Third_Party/LwIP/src/apps/http/fs.o
                0x000000000800745e                fs_bytes_left
 .text.http_state_eof
                0x0000000008007466       0x1e ./Middlewares/Third_Party/LwIP/src/apps/http/httpd.o
 .text.http_get_404_file
                0x0000000008007484       0x3c ./Middlewares/Third_Party/LwIP/src/apps/http/httpd.o
 .text.http_accept
                0x00000000080074c0       0x70 ./Middlewares/Third_Party/LwIP/src/apps/http/httpd.o
 .text.http_err
                0x0000000008007530       0x16 ./Middlewares/Third_Party/LwIP/src/apps/http/httpd.o
 *fill*         0x0000000008007546        0x2 
 .text.http_close_conn.isra.0
                0x0000000008007548       0x58 ./Middlewares/Third_Party/LwIP/src/apps/http/httpd.o
 .text.http_send
                0x00000000080075a0       0xb8 ./Middlewares/Third_Party/LwIP/src/apps/http/httpd.o
 .text.http_sent
                0x0000000008007658       0x18 ./Middlewares/Third_Party/LwIP/src/apps/http/httpd.o
 .text.http_poll
                0x0000000008007670       0x3a ./Middlewares/Third_Party/LwIP/src/apps/http/httpd.o
 *fill*         0x00000000080076aa        0x2 
 .text.http_recv
                0x00000000080076ac      0x310 ./Middlewares/Third_Party/LwIP/src/apps/http/httpd.o
 .text.httpd_init
                0x00000000080079bc       0x80 ./Middlewares/Third_Party/LwIP/src/apps/http/httpd.o
                0x00000000080079bc                httpd_init
 .text.lwip_htons
                0x0000000008007a3c        0x6 ./Middlewares/Third_Party/LwIP/src/core/def.o
                0x0000000008007a3c                lwip_htons
 .text.lwip_htonl
                0x0000000008007a42        0x4 ./Middlewares/Third_Party/LwIP/src/core/def.o
                0x0000000008007a42                lwip_htonl
 .text.lwip_strnstr
                0x0000000008007a46       0x40 ./Middlewares/Third_Party/LwIP/src/core/def.o
                0x0000000008007a46                lwip_strnstr
 .text.lwip_standard_chksum
                0x0000000008007a86       0x5a ./Middlewares/Third_Party/LwIP/src/core/inet_chksum.o
                0x0000000008007a86                lwip_standard_chksum
 .text.inet_chksum
                0x0000000008007ae0        0xc ./Middlewares/Third_Party/LwIP/src/core/inet_chksum.o
                0x0000000008007ae0                inet_chksum
 .text.inet_chksum_pbuf
                0x0000000008007aec       0x44 ./Middlewares/Third_Party/LwIP/src/core/inet_chksum.o
                0x0000000008007aec                inet_chksum_pbuf
 .text.lwip_init
                0x0000000008007b30       0x22 ./Middlewares/Third_Party/LwIP/src/core/init.o
                0x0000000008007b30                lwip_init
 *fill*         0x0000000008007b52        0x2 
 .text.mem_init
                0x0000000008007b54       0x78 ./Middlewares/Third_Party/LwIP/src/core/mem.o
                0x0000000008007b54                mem_init
 .text.mem_free
                0x0000000008007bcc      0x1b8 ./Middlewares/Third_Party/LwIP/src/core/mem.o
                0x0000000008007bcc                mem_free
 .text.mem_trim
                0x0000000008007d84      0x16c ./Middlewares/Third_Party/LwIP/src/core/mem.o
                0x0000000008007d84                mem_trim
 .text.mem_malloc
                0x0000000008007ef0      0x160 ./Middlewares/Third_Party/LwIP/src/core/mem.o
                0x0000000008007ef0                mem_malloc
 .text.do_memp_malloc_pool
                0x0000000008008050       0x3c ./Middlewares/Third_Party/LwIP/src/core/memp.o
 .text.do_memp_free_pool
                0x000000000800808c       0x38 ./Middlewares/Third_Party/LwIP/src/core/memp.o
 .text.memp_init_pool
                0x00000000080080c4       0x26 ./Middlewares/Third_Party/LwIP/src/core/memp.o
                0x00000000080080c4                memp_init_pool
 *fill*         0x00000000080080ea        0x2 
 .text.memp_init
                0x00000000080080ec       0x1c ./Middlewares/Third_Party/LwIP/src/core/memp.o
                0x00000000080080ec                memp_init
 .text.memp_malloc_pool
                0x0000000008008108       0x2c ./Middlewares/Third_Party/LwIP/src/core/memp.o
                0x0000000008008108                memp_malloc_pool
 .text.memp_malloc
                0x0000000008008134       0x38 ./Middlewares/Third_Party/LwIP/src/core/memp.o
                0x0000000008008134                memp_malloc
 .text.memp_free_pool
                0x000000000800816c       0x28 ./Middlewares/Third_Party/LwIP/src/core/memp.o
                0x000000000800816c                memp_free_pool
 .text.memp_free
                0x0000000008008194       0x30 ./Middlewares/Third_Party/LwIP/src/core/memp.o
                0x0000000008008194                memp_free
 .text.netif_null_output_ip4
                0x00000000080081c4        0x6 ./Middlewares/Third_Party/LwIP/src/core/netif.o
 *fill*         0x00000000080081ca        0x2 
 .text.netif_issue_reports
                0x00000000080081cc       0x44 ./Middlewares/Third_Party/LwIP/src/core/netif.o
 .text.netif_do_set_ipaddr.isra.0
                0x0000000008008210       0x50 ./Middlewares/Third_Party/LwIP/src/core/netif.o
 .text.netif_init
                0x0000000008008260        0x2 ./Middlewares/Third_Party/LwIP/src/core/netif.o
                0x0000000008008260                netif_init
 *fill*         0x0000000008008262        0x2 
 .text.netif_set_addr
                0x0000000008008264       0x58 ./Middlewares/Third_Party/LwIP/src/core/netif.o
                0x0000000008008264                netif_set_addr
 .text.netif_add
                0x00000000080082bc      0x12c ./Middlewares/Third_Party/LwIP/src/core/netif.o
                0x00000000080082bc                netif_add
 .text.netif_set_default
                0x00000000080083e8        0xc ./Middlewares/Third_Party/LwIP/src/core/netif.o
                0x00000000080083e8                netif_set_default
 .text.netif_set_up
                0x00000000080083f4       0x34 ./Middlewares/Third_Party/LwIP/src/core/netif.o
                0x00000000080083f4                netif_set_up
 .text.netif_set_down
                0x0000000008008428       0x38 ./Middlewares/Third_Party/LwIP/src/core/netif.o
                0x0000000008008428                netif_set_down
 .text.netif_set_link_up
                0x0000000008008460       0x48 ./Middlewares/Third_Party/LwIP/src/core/netif.o
                0x0000000008008460                netif_set_link_up
 .text.netif_set_link_down
                0x00000000080084a8       0x34 ./Middlewares/Third_Party/LwIP/src/core/netif.o
                0x00000000080084a8                netif_set_link_down
 .text.netif_set_link_callback
                0x00000000080084dc        0x6 ./Middlewares/Third_Party/LwIP/src/core/netif.o
                0x00000000080084dc                netif_set_link_callback
 *fill*         0x00000000080084e2        0x2 
 .text.netif_get_by_index
                0x00000000080084e4       0x24 ./Middlewares/Third_Party/LwIP/src/core/netif.o
                0x00000000080084e4                netif_get_by_index
 .text.pbuf_free_ooseq_callback
                0x0000000008008508       0x30 ./Middlewares/Third_Party/LwIP/src/core/pbuf.o
 .text.pbuf_add_header_impl
                0x0000000008008538       0x64 ./Middlewares/Third_Party/LwIP/src/core/pbuf.o
 .text.pbuf_alloc_reference
                0x000000000800859c       0x48 ./Middlewares/Third_Party/LwIP/src/core/pbuf.o
                0x000000000800859c                pbuf_alloc_reference
 .text.pbuf_alloced_custom
                0x00000000080085e4       0x34 ./Middlewares/Third_Party/LwIP/src/core/pbuf.o
                0x00000000080085e4                pbuf_alloced_custom
 .text.pbuf_add_header
                0x0000000008008618        0x6 ./Middlewares/Third_Party/LwIP/src/core/pbuf.o
                0x0000000008008618                pbuf_add_header
 *fill*         0x000000000800861e        0x2 
 .text.pbuf_remove_header
                0x0000000008008620       0x58 ./Middlewares/Third_Party/LwIP/src/core/pbuf.o
                0x0000000008008620                pbuf_remove_header
 .text.pbuf_header_force
                0x0000000008008678       0x10 ./Middlewares/Third_Party/LwIP/src/core/pbuf.o
                0x0000000008008678                pbuf_header_force
 .text.pbuf_free
                0x0000000008008688       0xd0 ./Middlewares/Third_Party/LwIP/src/core/pbuf.o
                0x0000000008008688                pbuf_free
 .text.pbuf_alloc
                0x0000000008008758      0x124 ./Middlewares/Third_Party/LwIP/src/core/pbuf.o
                0x0000000008008758                pbuf_alloc
 .text.pbuf_realloc
                0x000000000800887c       0xb0 ./Middlewares/Third_Party/LwIP/src/core/pbuf.o
                0x000000000800887c                pbuf_realloc
 .text.pbuf_clen
                0x000000000800892c       0x10 ./Middlewares/Third_Party/LwIP/src/core/pbuf.o
                0x000000000800892c                pbuf_clen
 .text.pbuf_ref
                0x000000000800893c       0x38 ./Middlewares/Third_Party/LwIP/src/core/pbuf.o
                0x000000000800893c                pbuf_ref
 .text.pbuf_cat
                0x0000000008008974       0x74 ./Middlewares/Third_Party/LwIP/src/core/pbuf.o
                0x0000000008008974                pbuf_cat
 .text.pbuf_chain
                0x00000000080089e8       0x12 ./Middlewares/Third_Party/LwIP/src/core/pbuf.o
                0x00000000080089e8                pbuf_chain
 *fill*         0x00000000080089fa        0x2 
 .text.pbuf_copy
                0x00000000080089fc      0x104 ./Middlewares/Third_Party/LwIP/src/core/pbuf.o
                0x00000000080089fc                pbuf_copy
 .text.pbuf_copy_partial
                0x0000000008008b00       0x8c ./Middlewares/Third_Party/LwIP/src/core/pbuf.o
                0x0000000008008b00                pbuf_copy_partial
 .text.pbuf_clone
                0x0000000008008b8c       0x38 ./Middlewares/Third_Party/LwIP/src/core/pbuf.o
                0x0000000008008b8c                pbuf_clone
 .text.tcp_new_port
                0x0000000008008bc4       0x54 ./Middlewares/Third_Party/LwIP/src/core/tcp.o
 .text.tcp_close_shutdown_fin
                0x0000000008008c18       0x60 ./Middlewares/Third_Party/LwIP/src/core/tcp.o
 .text.tcp_init
                0x0000000008008c78       0x18 ./Middlewares/Third_Party/LwIP/src/core/tcp.o
                0x0000000008008c78                tcp_init
 .text.tcp_free
                0x0000000008008c90       0x30 ./Middlewares/Third_Party/LwIP/src/core/tcp.o
                0x0000000008008c90                tcp_free
 .text.tcp_bind
                0x0000000008008cc0       0xac ./Middlewares/Third_Party/LwIP/src/core/tcp.o
                0x0000000008008cc0                tcp_bind
 .text.tcp_listen_with_backlog_and_err
                0x0000000008008d6c       0xcc ./Middlewares/Third_Party/LwIP/src/core/tcp.o
                0x0000000008008d6c                tcp_listen_with_backlog_and_err
 .text.tcp_listen_with_backlog
                0x0000000008008e38        0x6 ./Middlewares/Third_Party/LwIP/src/core/tcp.o
                0x0000000008008e38                tcp_listen_with_backlog
 *fill*         0x0000000008008e3e        0x2 
 .text.tcp_update_rcv_ann_wnd
                0x0000000008008e40       0x6c ./Middlewares/Third_Party/LwIP/src/core/tcp.o
                0x0000000008008e40                tcp_update_rcv_ann_wnd
 .text.tcp_recved
                0x0000000008008eac       0x7c ./Middlewares/Third_Party/LwIP/src/core/tcp.o
                0x0000000008008eac                tcp_recved
 .text.tcp_seg_free
                0x0000000008008f28       0x1c ./Middlewares/Third_Party/LwIP/src/core/tcp.o
                0x0000000008008f28                tcp_seg_free
 .text.tcp_segs_free
                0x0000000008008f44       0x10 ./Middlewares/Third_Party/LwIP/src/core/tcp.o
                0x0000000008008f44                tcp_segs_free
 .text.tcp_setprio
                0x0000000008008f54       0x20 ./Middlewares/Third_Party/LwIP/src/core/tcp.o
                0x0000000008008f54                tcp_setprio
 .text.tcp_seg_copy
                0x0000000008008f74       0x48 ./Middlewares/Third_Party/LwIP/src/core/tcp.o
                0x0000000008008f74                tcp_seg_copy
 .text.tcp_arg  0x0000000008008fbc        0x6 ./Middlewares/Third_Party/LwIP/src/core/tcp.o
                0x0000000008008fbc                tcp_arg
 *fill*         0x0000000008008fc2        0x2 
 .text.tcp_recv
                0x0000000008008fc4       0x30 ./Middlewares/Third_Party/LwIP/src/core/tcp.o
                0x0000000008008fc4                tcp_recv
 .text.tcp_sent
                0x0000000008008ff4       0x30 ./Middlewares/Third_Party/LwIP/src/core/tcp.o
                0x0000000008008ff4                tcp_sent
 .text.tcp_err  0x0000000008009024       0x30 ./Middlewares/Third_Party/LwIP/src/core/tcp.o
                0x0000000008009024                tcp_err
 .text.tcp_accept
                0x0000000008009054        0xc ./Middlewares/Third_Party/LwIP/src/core/tcp.o
                0x0000000008009054                tcp_accept
 .text.tcp_poll
                0x0000000008009060       0x48 ./Middlewares/Third_Party/LwIP/src/core/tcp.o
                0x0000000008009060                tcp_poll
 .text.tcp_next_iss
                0x00000000080090a8       0x34 ./Middlewares/Third_Party/LwIP/src/core/tcp.o
                0x00000000080090a8                tcp_next_iss
 .text.tcp_eff_send_mss_netif
                0x00000000080090dc       0x3c ./Middlewares/Third_Party/LwIP/src/core/tcp.o
                0x00000000080090dc                tcp_eff_send_mss_netif
 .text.tcp_free_ooseq
                0x0000000008009118       0x12 ./Middlewares/Third_Party/LwIP/src/core/tcp.o
                0x0000000008009118                tcp_free_ooseq
 *fill*         0x000000000800912a        0x2 
 .text.tcp_pcb_purge
                0x000000000800912c       0x64 ./Middlewares/Third_Party/LwIP/src/core/tcp.o
                0x000000000800912c                tcp_pcb_purge
 .text.tcp_pcb_remove
                0x0000000008009190       0xcc ./Middlewares/Third_Party/LwIP/src/core/tcp.o
                0x0000000008009190                tcp_pcb_remove
 .text.tcp_abandon
                0x000000000800925c      0x104 ./Middlewares/Third_Party/LwIP/src/core/tcp.o
                0x000000000800925c                tcp_abandon
 .text.tcp_abort
                0x0000000008009360        0x6 ./Middlewares/Third_Party/LwIP/src/core/tcp.o
                0x0000000008009360                tcp_abort
 *fill*         0x0000000008009366        0x2 
 .text.tcp_accept_null
                0x0000000008009368       0x2c ./Middlewares/Third_Party/LwIP/src/core/tcp.o
 .text.tcp_netif_ip_addr_changed_pcblist
                0x0000000008009394       0x3c ./Middlewares/Third_Party/LwIP/src/core/tcp.o
 .text.tcp_netif_ip_addr_changed
                0x00000000080093d0       0x48 ./Middlewares/Third_Party/LwIP/src/core/tcp.o
                0x00000000080093d0                tcp_netif_ip_addr_changed
 .text.tcp_kill_state
                0x0000000008009418       0x3c ./Middlewares/Third_Party/LwIP/src/core/tcp.o
 .text.tcp_alloc
                0x0000000008009454      0x134 ./Middlewares/Third_Party/LwIP/src/core/tcp.o
                0x0000000008009454                tcp_alloc
 .text.tcp_new_ip_type
                0x0000000008009588        0x6 ./Middlewares/Third_Party/LwIP/src/core/tcp.o
                0x0000000008009588                tcp_new_ip_type
 *fill*         0x000000000800958e        0x2 
 .text.tcp_close_shutdown
                0x0000000008009590      0x164 ./Middlewares/Third_Party/LwIP/src/core/tcp.o
 .text.tcp_close
                0x00000000080096f4       0x3c ./Middlewares/Third_Party/LwIP/src/core/tcp.o
                0x00000000080096f4                tcp_close
 .text.tcp_recv_null
                0x0000000008009730       0x48 ./Middlewares/Third_Party/LwIP/src/core/tcp.o
                0x0000000008009730                tcp_recv_null
 .text.tcp_process_refused_data
                0x0000000008009778       0x88 ./Middlewares/Third_Party/LwIP/src/core/tcp.o
                0x0000000008009778                tcp_process_refused_data
 .text.tcp_fasttmr
                0x0000000008009800       0x80 ./Middlewares/Third_Party/LwIP/src/core/tcp.o
                0x0000000008009800                tcp_fasttmr
 .text.tcp_slowtmr
                0x0000000008009880      0x43c ./Middlewares/Third_Party/LwIP/src/core/tcp.o
                0x0000000008009880                tcp_slowtmr
 .text.tcp_tmr  0x0000000008009cbc       0x24 ./Middlewares/Third_Party/LwIP/src/core/tcp.o
                0x0000000008009cbc                tcp_tmr
 .text.tcp_get_next_optbyte
                0x0000000008009ce0       0x38 ./Middlewares/Third_Party/LwIP/src/core/tcp_in.o
 .text.tcp_oos_insert_segment
                0x0000000008009d18       0x94 ./Middlewares/Third_Party/LwIP/src/core/tcp_in.o
 .text.tcp_parseopt
                0x0000000008009dac       0x90 ./Middlewares/Third_Party/LwIP/src/core/tcp_in.o
 .text.tcp_input_delayed_close
                0x0000000008009e3c       0x58 ./Middlewares/Third_Party/LwIP/src/core/tcp_in.o
 .text.tcp_free_acked_segments.constprop.0
                0x0000000008009e94       0xc4 ./Middlewares/Third_Party/LwIP/src/core/tcp_in.o
 .text.tcp_receive
                0x0000000008009f58      0x85c ./Middlewares/Third_Party/LwIP/src/core/tcp_in.o
 .text.tcp_input
                0x000000000800a7b4      0xafc ./Middlewares/Third_Party/LwIP/src/core/tcp_in.o
                0x000000000800a7b4                tcp_input
 .text.tcp_trigger_input_pcb_close
                0x000000000800b2b0       0x10 ./Middlewares/Third_Party/LwIP/src/core/tcp_in.o
                0x000000000800b2b0                tcp_trigger_input_pcb_close
 .text.tcp_output_segment_busy
                0x000000000800b2c0       0x2c ./Middlewares/Third_Party/LwIP/src/core/tcp_out.o
 .text.tcp_pbuf_prealloc
                0x000000000800b2ec       0x98 ./Middlewares/Third_Party/LwIP/src/core/tcp_out.o
 .text.tcp_create_segment
                0x000000000800b384       0xe4 ./Middlewares/Third_Party/LwIP/src/core/tcp_out.o
 .text.tcp_output_alloc_header_common.constprop.0
                0x000000000800b468       0x84 ./Middlewares/Third_Party/LwIP/src/core/tcp_out.o
 .text.tcp_output_alloc_header.constprop.0
                0x000000000800b4ec       0x4c ./Middlewares/Third_Party/LwIP/src/core/tcp_out.o
 .text.tcp_output_fill_options.constprop.0
                0x000000000800b538       0x20 ./Middlewares/Third_Party/LwIP/src/core/tcp_out.o
 .text.tcp_output_control_segment
                0x000000000800b558       0x70 ./Middlewares/Third_Party/LwIP/src/core/tcp_out.o
 .text.tcp_write
                0x000000000800b5c8      0x53c ./Middlewares/Third_Party/LwIP/src/core/tcp_out.o
                0x000000000800b5c8                tcp_write
 .text.tcp_split_unsent_seg
                0x000000000800bb04      0x198 ./Middlewares/Third_Party/LwIP/src/core/tcp_out.o
                0x000000000800bb04                tcp_split_unsent_seg
 .text.tcp_enqueue_flags
                0x000000000800bc9c      0x128 ./Middlewares/Third_Party/LwIP/src/core/tcp_out.o
                0x000000000800bc9c                tcp_enqueue_flags
 .text.tcp_send_fin
                0x000000000800bdc4       0x60 ./Middlewares/Third_Party/LwIP/src/core/tcp_out.o
                0x000000000800bdc4                tcp_send_fin
 .text.tcp_rexmit_rto_prepare
                0x000000000800be24       0x88 ./Middlewares/Third_Party/LwIP/src/core/tcp_out.o
                0x000000000800be24                tcp_rexmit_rto_prepare
 .text.tcp_rexmit
                0x000000000800beac       0x80 ./Middlewares/Third_Party/LwIP/src/core/tcp_out.o
                0x000000000800beac                tcp_rexmit
 .text.tcp_rexmit_fast
                0x000000000800bf2c       0x68 ./Middlewares/Third_Party/LwIP/src/core/tcp_out.o
                0x000000000800bf2c                tcp_rexmit_fast
 .text.tcp_rst  0x000000000800bf94       0x8c ./Middlewares/Third_Party/LwIP/src/core/tcp_out.o
                0x000000000800bf94                tcp_rst
 .text.tcp_send_empty_ack
                0x000000000800c020       0x64 ./Middlewares/Third_Party/LwIP/src/core/tcp_out.o
                0x000000000800c020                tcp_send_empty_ack
 .text.tcp_output
                0x000000000800c084      0x354 ./Middlewares/Third_Party/LwIP/src/core/tcp_out.o
                0x000000000800c084                tcp_output
 .text.tcp_rexmit_rto_commit
                0x000000000800c3d8       0x38 ./Middlewares/Third_Party/LwIP/src/core/tcp_out.o
                0x000000000800c3d8                tcp_rexmit_rto_commit
 .text.tcp_rexmit_rto
                0x000000000800c410       0x34 ./Middlewares/Third_Party/LwIP/src/core/tcp_out.o
                0x000000000800c410                tcp_rexmit_rto
 .text.tcp_keepalive
                0x000000000800c444       0x50 ./Middlewares/Third_Party/LwIP/src/core/tcp_out.o
                0x000000000800c444                tcp_keepalive
 .text.tcp_zero_window_probe
                0x000000000800c494       0xc8 ./Middlewares/Third_Party/LwIP/src/core/tcp_out.o
                0x000000000800c494                tcp_zero_window_probe
 .text.sys_timeout_abs
                0x000000000800c55c       0x64 ./Middlewares/Third_Party/LwIP/src/core/timeouts.o
 .text.lwip_cyclic_timer
                0x000000000800c5c0       0x34 ./Middlewares/Third_Party/LwIP/src/core/timeouts.o
 .text.sys_timeout
                0x000000000800c5f4       0x3c ./Middlewares/Third_Party/LwIP/src/core/timeouts.o
                0x000000000800c5f4                sys_timeout
 .text.tcp_timer_needed
                0x000000000800c630       0x34 ./Middlewares/Third_Party/LwIP/src/core/timeouts.o
                0x000000000800c630                tcp_timer_needed
 .text.tcpip_tcp_timer
                0x000000000800c664       0x38 ./Middlewares/Third_Party/LwIP/src/core/timeouts.o
 .text.sys_timeouts_init
                0x000000000800c69c       0x2c ./Middlewares/Third_Party/LwIP/src/core/timeouts.o
                0x000000000800c69c                sys_timeouts_init
 .text.sys_check_timeouts
                0x000000000800c6c8       0x44 ./Middlewares/Third_Party/LwIP/src/core/timeouts.o
                0x000000000800c6c8                sys_check_timeouts
 .text.sys_timeouts_sleeptime
                0x000000000800c70c       0x24 ./Middlewares/Third_Party/LwIP/src/core/timeouts.o
                0x000000000800c70c                sys_timeouts_sleeptime
 .text.udp_init
                0x000000000800c730       0x18 ./Middlewares/Third_Party/LwIP/src/core/udp.o
                0x000000000800c730                udp_init
 .text.udp_input
                0x000000000800c748      0x1b0 ./Middlewares/Third_Party/LwIP/src/core/udp.o
                0x000000000800c748                udp_input
 .text.udp_bind
                0x000000000800c8f8       0xcc ./Middlewares/Third_Party/LwIP/src/core/udp.o
                0x000000000800c8f8                udp_bind
 .text.udp_sendto_if_src
                0x000000000800c9c4      0x130 ./Middlewares/Third_Party/LwIP/src/core/udp.o
                0x000000000800c9c4                udp_sendto_if_src
 .text.udp_sendto_if
                0x000000000800caf4       0x80 ./Middlewares/Third_Party/LwIP/src/core/udp.o
                0x000000000800caf4                udp_sendto_if
 .text.udp_sendto
                0x000000000800cb74       0x78 ./Middlewares/Third_Party/LwIP/src/core/udp.o
                0x000000000800cb74                udp_sendto
 .text.udp_send
                0x000000000800cbec       0x44 ./Middlewares/Third_Party/LwIP/src/core/udp.o
                0x000000000800cbec                udp_send
 .text.udp_connect
                0x000000000800cc30       0x78 ./Middlewares/Third_Party/LwIP/src/core/udp.o
                0x000000000800cc30                udp_connect
 .text.udp_new  0x000000000800cca8       0x1c ./Middlewares/Third_Party/LwIP/src/core/udp.o
                0x000000000800cca8                udp_new
 .text.udp_netif_ip_addr_changed
                0x000000000800ccc4       0x2c ./Middlewares/Third_Party/LwIP/src/core/udp.o
                0x000000000800ccc4                udp_netif_ip_addr_changed
 .text.etharp_free_entry
                0x000000000800ccf0       0x28 ./Middlewares/Third_Party/LwIP/src/core/ipv4/etharp.o
 .text.etharp_find_entry
                0x000000000800cd18      0x11c ./Middlewares/Third_Party/LwIP/src/core/ipv4/etharp.o
 .text.etharp_raw
                0x000000000800ce34       0xdc ./Middlewares/Third_Party/LwIP/src/core/ipv4/etharp.o
 .text.etharp_cleanup_netif
                0x000000000800cf10       0x28 ./Middlewares/Third_Party/LwIP/src/core/ipv4/etharp.o
                0x000000000800cf10                etharp_cleanup_netif
 .text.etharp_input
                0x000000000800cf38      0x14c ./Middlewares/Third_Party/LwIP/src/core/ipv4/etharp.o
                0x000000000800cf38                etharp_input
 .text.etharp_request
                0x000000000800d084       0x2c ./Middlewares/Third_Party/LwIP/src/core/ipv4/etharp.o
                0x000000000800d084                etharp_request
 .text.etharp_tmr
                0x000000000800d0b0       0x54 ./Middlewares/Third_Party/LwIP/src/core/ipv4/etharp.o
                0x000000000800d0b0                etharp_tmr
 .text.etharp_output_to_arp_index
                0x000000000800d104       0xac ./Middlewares/Third_Party/LwIP/src/core/ipv4/etharp.o
 .text.etharp_query
                0x000000000800d1b0      0x130 ./Middlewares/Third_Party/LwIP/src/core/ipv4/etharp.o
                0x000000000800d1b0                etharp_query
 .text.etharp_output
                0x000000000800d2e0      0x140 ./Middlewares/Third_Party/LwIP/src/core/ipv4/etharp.o
                0x000000000800d2e0                etharp_output
 .text.icmp_send_response
                0x000000000800d420       0xa0 ./Middlewares/Third_Party/LwIP/src/core/ipv4/icmp.o
 .text.icmp_input
                0x000000000800d4c0      0x150 ./Middlewares/Third_Party/LwIP/src/core/ipv4/icmp.o
                0x000000000800d4c0                icmp_input
 .text.icmp_dest_unreach
                0x000000000800d610        0x8 ./Middlewares/Third_Party/LwIP/src/core/ipv4/icmp.o
                0x000000000800d610                icmp_dest_unreach
 .text.icmp_time_exceeded
                0x000000000800d618        0x8 ./Middlewares/Third_Party/LwIP/src/core/ipv4/icmp.o
                0x000000000800d618                icmp_time_exceeded
 .text.ip4_input_accept
                0x000000000800d620       0x34 ./Middlewares/Third_Party/LwIP/src/core/ipv4/ip4.o
 .text.ip4_route
                0x000000000800d654       0x5c ./Middlewares/Third_Party/LwIP/src/core/ipv4/ip4.o
                0x000000000800d654                ip4_route
 .text.ip4_input
                0x000000000800d6b0      0x168 ./Middlewares/Third_Party/LwIP/src/core/ipv4/ip4.o
                0x000000000800d6b0                ip4_input
 .text.ip4_output_if_src
                0x000000000800d818       0xf8 ./Middlewares/Third_Party/LwIP/src/core/ipv4/ip4.o
                0x000000000800d818                ip4_output_if_src
 .text.ip4_output_if
                0x000000000800d910       0x22 ./Middlewares/Third_Party/LwIP/src/core/ipv4/ip4.o
                0x000000000800d910                ip4_output_if
 .text.ip4_addr_isbroadcast_u32
                0x000000000800d932       0x36 ./Middlewares/Third_Party/LwIP/src/core/ipv4/ip4_addr.o
                0x000000000800d932                ip4_addr_isbroadcast_u32
 .text.ip_reass_dequeue_datagram
                0x000000000800d968       0x44 ./Middlewares/Third_Party/LwIP/src/core/ipv4/ip4_frag.o